Component: ARM Compiler 5.06 update 7 (build 960) Tool: armlink [4d3601]

==============================================================================

Section Cross References

    startup_stm32f10x_md.o(STACK) refers (Special) to heapauxi.o(.text) for __use_two_region_memory
    startup_stm32f10x_md.o(HEAP) refers (Special) to heapauxi.o(.text) for __use_two_region_memory
    startup_stm32f10x_md.o(RESET) refers (Special) to heapauxi.o(.text) for __use_two_region_memory
    startup_stm32f10x_md.o(RESET) refers to startup_stm32f10x_md.o(STACK) for __initial_sp
    startup_stm32f10x_md.o(RESET) refers to startup_stm32f10x_md.o(.text) for Reset_Handler
    startup_stm32f10x_md.o(RESET) refers to stm32f10x_it.o(i.NMI_Handler) for NMI_Handler
    startup_stm32f10x_md.o(RESET) refers to stm32f10x_it.o(i.HardFault_Handler) for HardFault_Handler
    startup_stm32f10x_md.o(RESET) refers to stm32f10x_it.o(i.MemManage_Handler) for MemManage_Handler
    startup_stm32f10x_md.o(RESET) refers to stm32f10x_it.o(i.BusFault_Handler) for BusFault_Handler
    startup_stm32f10x_md.o(RESET) refers to stm32f10x_it.o(i.UsageFault_Handler) for UsageFault_Handler
    startup_stm32f10x_md.o(RESET) refers to stm32f10x_it.o(i.SVC_Handler) for SVC_Handler
    startup_stm32f10x_md.o(RESET) refers to stm32f10x_it.o(i.DebugMon_Handler) for DebugMon_Handler
    startup_stm32f10x_md.o(RESET) refers to stm32f10x_it.o(i.PendSV_Handler) for PendSV_Handler
    startup_stm32f10x_md.o(RESET) refers to stm32f10x_it.o(i.SysTick_Handler) for SysTick_Handler
    startup_stm32f10x_md.o(RESET) refers to can_driver.o(i.USB_HP_CAN1_TX_IRQHandler) for USB_HP_CAN1_TX_IRQHandler
    startup_stm32f10x_md.o(RESET) refers to can_driver.o(i.USB_LP_CAN1_RX0_IRQHandler) for USB_LP_CAN1_RX0_IRQHandler
    startup_stm32f10x_md.o(RESET) refers to stm32f10x_it.o(i.USART3_IRQHandler) for USART3_IRQHandler
    startup_stm32f10x_md.o(.text) refers (Special) to heapauxi.o(.text) for __use_two_region_memory
    startup_stm32f10x_md.o(.text) refers to system_stm32f10x.o(i.SystemInit) for SystemInit
    startup_stm32f10x_md.o(.text) refers to __main.o(!!!main) for __main
    startup_stm32f10x_md.o(.text) refers to startup_stm32f10x_md.o(HEAP) for Heap_Mem
    startup_stm32f10x_md.o(.text) refers to startup_stm32f10x_md.o(STACK) for Stack_Mem
    stm32f10x_adc.o(i.ADC_DeInit) refers to stm32f10x_rcc.o(i.RCC_APB2PeriphResetCmd) for RCC_APB2PeriphResetCmd
    stm32f10x_can.o(i.CAN_DeInit) refers to stm32f10x_rcc.o(i.RCC_APB1PeriphResetCmd) for RCC_APB1PeriphResetCmd
    stm32f10x_can.o(i.CAN_GetITStatus) refers to stm32f10x_can.o(i.CheckITStatus) for CheckITStatus
    stm32f10x_flash.o(i.FLASH_EnableWriteProtection) refers to stm32f10x_flash.o(i.FLASH_WaitForLastOperation) for FLASH_WaitForLastOperation
    stm32f10x_flash.o(i.FLASH_EraseAllBank1Pages) refers to stm32f10x_flash.o(i.FLASH_WaitForLastBank1Operation) for FLASH_WaitForLastBank1Operation
    stm32f10x_flash.o(i.FLASH_EraseAllPages) refers to stm32f10x_flash.o(i.FLASH_WaitForLastOperation) for FLASH_WaitForLastOperation
    stm32f10x_flash.o(i.FLASH_EraseOptionBytes) refers to stm32f10x_flash.o(i.FLASH_GetReadOutProtectionStatus) for FLASH_GetReadOutProtectionStatus
    stm32f10x_flash.o(i.FLASH_EraseOptionBytes) refers to stm32f10x_flash.o(i.FLASH_WaitForLastOperation) for FLASH_WaitForLastOperation
    stm32f10x_flash.o(i.FLASH_ErasePage) refers to stm32f10x_flash.o(i.FLASH_WaitForLastOperation) for FLASH_WaitForLastOperation
    stm32f10x_flash.o(i.FLASH_ProgramHalfWord) refers to stm32f10x_flash.o(i.FLASH_WaitForLastOperation) for FLASH_WaitForLastOperation
    stm32f10x_flash.o(i.FLASH_ProgramOptionByteData) refers to stm32f10x_flash.o(i.FLASH_WaitForLastOperation) for FLASH_WaitForLastOperation
    stm32f10x_flash.o(i.FLASH_ProgramWord) refers to stm32f10x_flash.o(i.FLASH_WaitForLastOperation) for FLASH_WaitForLastOperation
    stm32f10x_flash.o(i.FLASH_ReadOutProtection) refers to stm32f10x_flash.o(i.FLASH_WaitForLastOperation) for FLASH_WaitForLastOperation
    stm32f10x_flash.o(i.FLASH_UserOptionByteConfig) refers to stm32f10x_flash.o(i.FLASH_WaitForLastOperation) for FLASH_WaitForLastOperation
    stm32f10x_flash.o(i.FLASH_WaitForLastBank1Operation) refers to stm32f10x_flash.o(i.FLASH_GetBank1Status) for FLASH_GetBank1Status
    stm32f10x_flash.o(i.FLASH_WaitForLastOperation) refers to stm32f10x_flash.o(i.FLASH_GetBank1Status) for FLASH_GetBank1Status
    stm32f10x_gpio.o(i.GPIO_AFIODeInit) refers to stm32f10x_rcc.o(i.RCC_APB2PeriphResetCmd) for RCC_APB2PeriphResetCmd
    stm32f10x_gpio.o(i.GPIO_DeInit) refers to stm32f10x_rcc.o(i.RCC_APB2PeriphResetCmd) for RCC_APB2PeriphResetCmd
    stm32f10x_rcc.o(i.RCC_GetClocksFreq) refers to stm32f10x_rcc.o(.data) for APBAHBPrescTable
    stm32f10x_rcc.o(i.RCC_WaitForHSEStartUp) refers to stm32f10x_rcc.o(i.RCC_GetFlagStatus) for RCC_GetFlagStatus
    stm32f10x_spi.o(i.I2S_Init) refers to stm32f10x_rcc.o(i.RCC_GetClocksFreq) for RCC_GetClocksFreq
[...]
    !!!main                                  0x080040ec   Section        8  __main.o(!!!main)
    !!!scatter                               0x080040f4   Section       52  __scatter.o(!!!scatter)
    !!handler_copy                           0x08004128   Section       26  __scatter_copy.o(!!handler_copy)
    !!handler_zi                             0x08004144   Section       28  __scatter_zi.o(!!handler_zi)
    .ARM.Collect$$libinit$$00000000          0x08004160   Section        2  libinit.o(.ARM.Collect$$libinit$$00000000)
    .ARM.Collect$$libinit$$00000002          0x08004162   Section        0  libinit2.o(.ARM.Collect$$libinit$$00000002)
    .ARM.Collect$$libinit$$00000004          0x08004162   Section        0  libinit2.o(.ARM.Collect$$libinit$$00000004)
    .ARM.Collect$$libinit$$0000000A          0x08004162   Section        0  libinit2.o(.ARM.Collect$$libinit$$0000000A)
    .ARM.Collect$$libinit$$0000000C          0x08004162   Section        0  libinit2.o(.ARM.Collect$$libinit$$0000000C)
    .ARM.Collect$$libinit$$0000000E          0x08004162   Section        0  libinit2.o(.ARM.Collect$$libinit$$0000000E)
    .ARM.Collect$$libinit$$00000011          0x08004162   Section        0  libinit2.o(.ARM.Collect$$libinit$$00000011)
    .ARM.Collect$$libinit$$00000013          0x08004162   Section        0  libinit2.o(.ARM.Collect$$libinit$$00000013)
    .ARM.Collect$$libinit$$00000015          0x08004162   Section        0  libinit2.o(.ARM.Collect$$libinit$$00000015)
    .ARM.Collect$$libinit$$00000017          0x08004162   Section        0  libinit2.o(.ARM.Collect$$libinit$$00000017)
    .ARM.Collect$$libinit$$00000019          0x08004162   Section        0  libinit2.o(.ARM.Collect$$libinit$$00000019)
    .ARM.Collect$$libinit$$0000001B          0x08004162   Section        0  libinit2.o(.ARM.Collect$$libinit$$0000001B)
    .ARM.Collect$$libinit$$0000001D          0x08004162   Section        0  libinit2.o(.ARM.Collect$$libinit$$0000001D)
    .ARM.Collect$$libinit$$0000001F          0x08004162   Section        0  libinit2.o(.ARM.Collect$$libinit$$0000001F)
    .ARM.Collect$$libinit$$00000021          0x08004162   Section        0  libinit2.o(.ARM.Collect$$libinit$$00000021)
    .ARM.Collect$$libinit$$00000023          0x08004162   Section        0  libinit2.o(.ARM.Collect$$libinit$$00000023)
    .ARM.Collect$$libinit$$00000025          0x08004162   Section        0  libinit2.o(.ARM.Collect$$libinit$$00000025)
    .ARM.Collect$$libinit$$0000002C          0x08004162   Section        0  libinit2.o(.ARM.Collect$$libinit$$0000002C)
    .ARM.Collect$$libinit$$0000002E          0x08004162   Section        0  libinit2.o(.ARM.Collect$$libinit$$0000002E)
    .ARM.Collect$$libinit$$00000030          0x08004162   Section        0  libinit2.o(.ARM.Collect$$libinit$$00000030)
    .ARM.Collect$$libinit$$00000032          0x08004162   Section        0  libinit2.o(.ARM.Collect$$libinit$$00000032)
    .ARM.Collect$$libinit$$00000033          0x08004162   Section        2  libinit2.o(.ARM.Collect$$libinit$$00000033)
    .ARM.Collect$$libshutdown$$00000000      0x08004164   Section        2  libshutdown.o(.ARM.Collect$$libshutdown$$00000000)
    .ARM.Collect$$libshutdown$$00000002      0x08004166   Section        0  libshutdown2.o(.ARM.Collect$$libshutdown$$00000002)
    .ARM.Collect$$libshutdown$$00000004      0x08004166   Section        0  libshutdown2.o(.ARM.Collect$$libshutdown$$00000004)
    .ARM.Collect$$libshutdown$$00000006      0x08004166   Section        0  libshutdown2.o(.ARM.Collect$$libshutdown$$00000006)
    .ARM.Collect$$libshutdown$$00000009      0x08004166   Section        0  libshutdown2.o(.ARM.Collect$$libshutdown$$00000009)
    .ARM.Collect$$libshutdown$$0000000C      0x08004166   Section        0  libshutdown2.o(.ARM.Collect$$libshutdown$$0000000C)
    .ARM.Collect$$libshutdown$$0000000E      0x08004166   Section        0  libshutdown2.o(.ARM.Collect$$libshutdown$$0000000E)
    .ARM.Collect$$libshutdown$$00000011      0x08004166   Section        0  libshutdown2.o(.ARM.Collect$$libshutdown$$00000011)
    .ARM.Collect$$libshutdown$$00000012      0x08004166   Section        2  libshutdown2.o(.ARM.Collect$$libshutdown$$00000012)
    .ARM.Collect$$rtentry$$00000000          0x08004168   Section        0  __rtentry.o(.ARM.Collect$$rtentry$$00000000)
    .ARM.Collect$$rtentry$$00000002          0x08004168   Section        0  __rtentry2.o(.ARM.Collect$$rtentry$$00000002)
    .ARM.Collect$$rtentry$$00000004          0x08004168   Section        6  __rtentry4.o(.ARM.Collect$$rtentry$$00000004)
    .ARM.Collect$$rtentry$$00000009          0x0800416e   Section        0  __rtentry2.o(.ARM.Collect$$rtentry$$00000009)
    .ARM.Collect$$rtentry$$0000000A          0x0800416e   Section        4  __rtentry2.o(.ARM.Collect$$rtentry$$0000000A)
    .ARM.Collect$$rtentry$$0000000C          0x08004172   Section        0  __rtentry2.o(.ARM.Collect$$rtentry$$0000000C)
    .ARM.Collect$$rtentry$$0000000D          0x08004172   Section        8  __rtentry2.o(.ARM.Collect$$rtentry$$0000000D)
    .ARM.Collect$$rtexit$$00000000           0x0800417a   Section        2  rtexit.o(.ARM.Collect$$rtexit$$00000000)
    .ARM.Collect$$rtexit$$00000002           0x0800417c   Section        0  rtexit2.o(.ARM.Collect$$rtexit$$00000002)
    .ARM.Collect$$rtexit$$00000003           0x0800417c   Section        4  rtexit2.o(.ARM.Collect$$rtexit$$00000003)
    .ARM.Collect$$rtexit$$00000004           0x08004180   Section        6  rtexit2.o(.ARM.Collect$$rtexit$$00000004)
    .text                                    0x08004188   Section       64  startup_stm32f10x_md.o(.text)
    .text                                    0x080041c8   Section      100  rt_memcpy_w.o(.text)
    .text                                    0x0800422c   Section       78  rt_memclr_w.o(.text)
    .text                                    0x0800427a   Section        0  heapauxi.o(.text)
    .text                                    0x08004280   Section       74  sys_stackheap_outer.o(.text)
    .text                                    0x080042ca   Section        0  exit.o(.text)
    .text                                    0x080042dc   Section        8  libspace.o(.text)
    .text                                    0x080042e4   Section        0  sys_exit.o(.text)
    .text                                    0x080042f0   Section        2  use_no_semi.o(.text)
    .text                                    0x080042f2   Section        0  indicate_semi.o(.text)
    i.ADC_Cmd                                0x080042f2   Section        0  stm32f10x_adc.o(i.ADC_Cmd)
    i.ADC_Configuration                      0x08004308   Section        0  adc_driver.o(i.ADC_Configuration)
    i.ADC_DeInit                             0x080043a8   Section        0  stm32f10x_adc.o(i.ADC_DeInit)
    i.ADC_GetCalibrationStatus               0x08004404   Section        0  stm32f10x_adc.o(i.ADC_GetCalibrationStatus)
    i.ADC_GetConversionValue                 0x08004418   Section        0  stm32f10x_adc.o(i.ADC_GetConversionValue)
    i.ADC_GetFlagStatus                      0x08004420   Section        0  stm32f10x_adc.o(i.ADC_GetFlagStatus)
    i.ADC_GetResetCalibrationStatus          0x08004432   Section        0  stm32f10x_adc.o(i.ADC_GetResetCalibrationStatus)
    i.ADC_Init                               0x08004448   Section        0  stm32f10x_adc.o(i.ADC_Init)
    i.ADC_RegularChannelConfig               0x08004498   Section        0  stm32f10x_adc.o(i.ADC_RegularChannelConfig)
    i.ADC_ResetCalibration                   0x08004550   Section        0  stm32f10x_adc.o(i.ADC_ResetCalibration)
    i.ADC_SoftwareStartConvCmd               0x0800455a   Section        0  stm32f10x_adc.o(i.ADC_SoftwareStartConvCmd)
    i.ADC_StartCalibration                   0x08004570   Section        0  stm32f10x_adc.o(i.ADC_StartCalibration)
    i.BusFault_Handler                       0x0800457a   Section        0  stm32f10x_it.o(i.BusFault_Handler)
    i.CAN_DeInit                             0x08004580   Section        0  stm32f10x_can.o(i.CAN_DeInit)
    i.CAN_FilterInit                         0x080045b8   Section        0  stm32f10x_can.o(i.CAN_FilterInit)
    i.CAN_ITConfig                           0x080046c0   Section        0  stm32f10x_can.o(i.CAN_ITConfig)
    i.CAN_Init                               0x080046d2   Section        0  stm32f10x_can.o(i.CAN_Init)
    i.CAN_Receive                            0x080047e6   Section        0  stm32f10x_can.o(i.CAN_Receive)
    i.CAN_StructInit                         0x080048d6   Section        0  stm32f10x_can.o(i.CAN_StructInit)
    i.CAN_Transmit                           0x080048f6   Section        0  stm32f10x_can.o(i.CAN_Transmit)
    i.CRC_8                                  0x08004a1c   Section        0  can_pro.o(i.CRC_8)
    i.CanCmdDataProc                         0x08004a98   Section        0  can_pro.o(i.CanCmdDataProc)
    i.CanConfig                              0x08004c1c   Section        0  can_driver.o(i.CanConfig)
    i.CanIapInint                            0x08004d1c   Section        0  caniap.o(i.CanIapInint)
    i.CanIapTimeDlyUs                        0x08004d84   Section        0  caniap.o(i.CanIapTimeDlyUs)
    i.CanRecvProgProc                        0x08004da0   Section        0  caniap.o(i.CanRecvProgProc)
    i.CanTrsDummy                            0x08005264   Section        0  can_driver.o(i.CanTrsDummy)
    CanTrsDummy                              0x08005265   Thumb Code    48  can_driver.o(i.CanTrsDummy)
    i.CanTxDataProc                          0x08005294   Section        0  can_pro.o(i.CanTxDataProc)
    i.CanVarInit                             0x0800536c   Section        0  can_driver.o(i.CanVarInit)
    i.ChipGPIO_Configuration                 0x080053a8   Section        0  gpioconfig.o(i.ChipGPIO_Configuration)
    i.Chip_CheckQueueSend                    0x08005544   Section        0  can_pro.o(i.Chip_CheckQueueSend)
    i.DebugMon_Handler                       0x080055a0   Section        0  stm32f10x_it.o(i.DebugMon_Handler)
    i.Delay                                  0x080055a4   Section        0  gpioconfig.o(i.Delay)
    i.FLASH_ErasePage                        0x080055b8   Section        0  stm32f10x_flash.o(i.FLASH_ErasePage)
    i.FLASH_GetBank1Status                   0x08005604   Section        0  stm32f10x_flash.o(i.FLASH_GetBank1Status)
    i.FLASH_Lock                             0x08005638   Section        0  stm32f10x_flash.o(i.FLASH_Lock)
    i.FLASH_ProgramHalfWord                  0x0800564c   Section        0  stm32f10x_flash.o(i.FLASH_ProgramHalfWord)
    i.FLASH_ProgramWord                      0x0800568c   Section        0  stm32f10x_flash.o(i.FLASH_ProgramWord)
    i.FLASH_SetLatency                       0x080056f8   Section        0  stm32f10x_flash.o(i.FLASH_SetLatency)
    i.FLASH_Unlock                           0x08005710   Section        0  stm32f10x_flash.o(i.FLASH_Unlock)
    i.FLASH_WaitForLastOperation             0x08005728   Section        0  stm32f10x_flash.o(i.FLASH_WaitForLastOperation)
    i.GPIO_Init                              0x0800574e   Section        0  stm32f10x_gpio.o(i.GPIO_Init)
    i.GPIO_PinRemapConfig                    0x08005864   Section        0  stm32f10x_gpio.o(i.GPIO_PinRemapConfig)
    i.GPIO_ReadInputData                     0x080058f4   Section        0  stm32f10x_gpio.o(i.GPIO_ReadInputData)
    i.GPIO_ReadInputDataBit                  0x080058fc   Section        0  stm32f10x_gpio.o(i.GPIO_ReadInputDataBit)
    i.GPIO_ResetBits                         0x0800590e   Section        0  stm32f10x_gpio.o(i.GPIO_ResetBits)
    i.GPIO_SetBits                           0x08005912   Section        0  stm32f10x_gpio.o(i.GPIO_SetBits)
    i.Get_Adc_Channel_Val                    0x08005918   Section        0  adc_driver.o(i.Get_Adc_Channel_Val)
    i.Get_MosSamples_Val                     0x08005950   Section        0  regularcheck.o(i.Get_MosSamples_Val)
    i.Get_Samples_Val                        0x08005970   Section        0  adc_driver.o(i.Get_Samples_Val)
    i.HardFault_Handler                      0x080059b0   Section        0  stm32f10x_it.o(i.HardFault_Handler)
    i.HareId_Init                            0x080059b4   Section        0  hard_id.o(i.HareId_Init)
    i.IWDG_Configuration                     0x08005a20   Section        0  iwdg.o(i.IWDG_Configuration)
    i.IWDG_Enable                            0x08005a54   Section        0  stm32f10x_iwdg.o(i.IWDG_Enable)
    i.IWDG_Feed                              0x08005a64   Section        0  iwdg.o(i.IWDG_Feed)
    i.IWDG_ReloadCounter                     0x08005a6c   Section        0  stm32f10x_iwdg.o(i.IWDG_ReloadCounter)
    i.IWDG_SetPrescaler                      0x08005a7c   Section        0  stm32f10x_iwdg.o(i.IWDG_SetPrescaler)
    i.IWDG_SetReload                         0x08005a88   Section        0  stm32f10x_iwdg.o(i.IWDG_SetReload)
    i.IWDG_WriteAccessCmd                    0x08005a94   Section        0  stm32f10x_iwdg.o(i.IWDG_WriteAccessCmd)
    i.InsCanTxQueue                          0x08005aa0   Section        0  can_pro.o(i.InsCanTxQueue)
    i.InsertActionQueue                      0x08005b04   Section        0  can_pro.o(i.InsertActionQueue)
    i.InsertActionRxQueue                    0x08005b78   Section        0  can_pro.o(i.InsertActionRxQueue)
    i.InsertCheckActionQueue                 0x08005ba8   Section        0  can_pro.o(i.InsertCheckActionQueue)
    i.InsertCheckQueue                       0x08005bd8   Section        0  can_pro.o(i.InsertCheckQueue)
    i.MemManage_Handler                      0x08005c08   Section        0  stm32f10x_it.o(i.MemManage_Handler)
    i.MosGPIO_Configuration                  0x08005c0c   Section        0  gpioconfig.o(i.MosGPIO_Configuration)
    i.Mos_CheckCycle                         0x08005cb8   Section        0  regularcheck.o(i.Mos_CheckCycle)
    i.Mos_CheckQueueSend                     0x08005d34   Section        0  can_pro.o(i.Mos_CheckQueueSend)
    i.Mos_SampVal_Proc                       0x08005d88   Section        0  regularcheck.o(i.Mos_SampVal_Proc)
    i.NMI_Handler                            0x08005df4   Section        0  stm32f10x_it.o(i.NMI_Handler)
    i.NVIC_Init                              0x08005df8   Section        0  misc.o(i.NVIC_Init)
    i.NewActionRxQueue                       0x08005e68   Section        0  can_pro.o(i.NewActionRxQueue)
    i.NewCheckActionRx                       0x08005e9c   Section        0  can_pro.o(i.NewCheckActionRx)
    i.OutPoint_Init                          0x08005ed0   Section        0  outpoint.o(i.OutPoint_Init)
    i.OverCurrent_Checkcycle                 0x08005f30   Section        0  regularcheck.o(i.OverCurrent_Checkcycle)
    i.PendSV_Handler                         0x08005f7c   Section        0  stm32f10x_it.o(i.PendSV_Handler)
    i.RCC_ADCCLKConfig                       0x08005f80   Section        0  stm32f10x_rcc.o(i.RCC_ADCCLKConfig)
    i.RCC_APB1PeriphClockCmd                 0x08005f98   Section        0  stm32f10x_rcc.o(i.RCC_APB1PeriphClockCmd)
    i.RCC_APB1PeriphResetCmd                 0x08005fb8   Section        0  stm32f10x_rcc.o(i.RCC_APB1PeriphResetCmd)
    i.RCC_APB2PeriphClockCmd                 0x08005fd8   Section        0  stm32f10x_rcc.o(i.RCC_APB2PeriphClockCmd)
    i.RCC_APB2PeriphResetCmd                 0x08005ff8   Section        0  stm32f10x_rcc.o(i.RCC_APB2PeriphResetCmd)
    i.RCC_Configuration                      0x08006018   Section        0  bsp.o(i.RCC_Configuration)
    i.RCC_DeInit                             0x0800607c   Section        0  stm32f10x_rcc.o(i.RCC_DeInit)
    i.RCC_GetClocksFreq                      0x080060c8   Section        0  stm32f10x_rcc.o(i.RCC_GetClocksFreq)
    i.RCC_GetFlagStatus                      0x080061a0   Section        0  stm32f10x_rcc.o(i.RCC_GetFlagStatus)
    i.RCC_GetSYSCLKSource                    0x080061dc   Section        0  stm32f10x_rcc.o(i.RCC_GetSYSCLKSource)
    i.RCC_HCLKConfig                         0x080061ec   Section        0  stm32f10x_rcc.o(i.RCC_HCLKConfig)
    i.RCC_HSEConfig                          0x08006204   Section        0  stm32f10x_rcc.o(i.RCC_HSEConfig)
    i.RCC_LSICmd                             0x08006250   Section        0  stm32f10x_rcc.o(i.RCC_LSICmd)
    i.RCC_PCLK1Config                        0x0800625c   Section        0  stm32f10x_rcc.o(i.RCC_PCLK1Config)
    i.RCC_PCLK2Config                        0x08006274   Section        0  stm32f10x_rcc.o(i.RCC_PCLK2Config)
    i.RCC_PLLCmd                             0x0800628c   Section        0  stm32f10x_rcc.o(i.RCC_PLLCmd)
    i.RCC_PLLConfig                          0x08006298   Section        0  stm32f10x_rcc.o(i.RCC_PLLConfig)
    i.RCC_SYSCLKConfig                       0x080062b4   Section        0  stm32f10x_rcc.o(i.RCC_SYSCLKConfig)
    i.RCC_WaitForHSEStartUp                  0x080062cc   Section        0  stm32f10x_rcc.o(i.RCC_WaitForHSEStartUp)
    i.SPI1_Init                              0x08006304   Section        0  gpioconfig.o(i.SPI1_Init)
    i.SPI1_SendByte                          0x08006360   Section        0  can_pro.o(i.SPI1_SendByte)
    i.SPI_Cmd                                0x08006398   Section        0  stm32f10x_spi.o(i.SPI_Cmd)
    i.SPI_I2S_GetFlagStatus                  0x080063b0   Section        0  stm32f10x_spi.o(i.SPI_I2S_GetFlagStatus)
    i.SPI_I2S_ReceiveData                    0x080063c2   Section        0  stm32f10x_spi.o(i.SPI_I2S_ReceiveData)
    i.SPI_I2S_SendData                       0x080063c8   Section        0  stm32f10x_spi.o(i.SPI_I2S_SendData)
    i.SPI_Init                               0x080063cc   Section        0  stm32f10x_spi.o(i.SPI_Init)
    i.SVC_Handler                            0x08006408   Section        0  stm32f10x_it.o(i.SVC_Handler)
    i.SampVal_Proc                           0x0800640c   Section        0  adc_driver.o(i.SampVal_Proc)
    i.SetCANSpeed                            0x08006478   Section        0  can_driver.o(i.SetCANSpeed)
    i.SetSysClock                            0x080064f8   Section        0  system_stm32f10x.o(i.SetSysClock)
    SetSysClock                              0x080064f9   Thumb Code     8  system_stm32f10x.o(i.SetSysClock)
    i.SetSysClockTo72                        0x08006500   Section        0  system_stm32f10x.o(i.SetSysClockTo72)
    SetSysClockTo72                          0x08006501   Thumb Code   214  system_stm32f10x.o(i.SetSysClockTo72)
    i.Stop_Action                            0x080065e0   Section        0  can_pro.o(i.Stop_Action)
    i.SysTick_Configuration                  0x080066a0   Section        0  bsp.o(i.SysTick_Configuration)
    i.SysTick_Handler                        0x08006708   Section        0  stm32f10x_it.o(i.SysTick_Handler)
    i.SystemInit                             0x08006840   Section        0  system_stm32f10x.o(i.SystemInit)
    i.TakeAction                             0x08006894   Section        0  can_pro.o(i.TakeAction)
    i.TakeCheckAction                        0x080068c6   Section        0  can_pro.o(i.TakeCheckAction)
    i.USART3_IRQHandler                      0x080068e2   Section        0  stm32f10x_it.o(i.USART3_IRQHandler)
    i.USB_HP_CAN1_TX_IRQHandler              0x080068e4   Section        0  can_driver.o(i.USB_HP_CAN1_TX_IRQHandler)
    i.USB_LP_CAN1_RX0_IRQHandler             0x08006978   Section        0  can_driver.o(i.USB_LP_CAN1_RX0_IRQHandler)
    i.UsageFault_Handler                     0x08006a48   Section        0  stm32f10x_it.o(i.UsageFault_Handler)
    i.Var_Init                               0x08006a4c   Section        0  can_pro.o(i.Var_Init)
    i.main                                   0x08006a78   Section        0  main.o(i.main)
    i.s_ActionCmdExec                        0x08006b88   Section        0  can_pro.o(i.s_ActionCmdExec)
    i.s_ActionDataPro                        0x08006c30   Section        0  can_pro.o(i.s_ActionDataPro)
    i.s_CANxCheckFaultTxProc                 0x08006ce0   Section        0  can_pro.o(i.s_CANxCheckFaultTxProc)
    i.s_CANxCheckValueTxProc                 0x08006d0e   Section        0  can_pro.o(i.s_CANxCheckValueTxProc)
    i.s_Can1RxQueueProc                      0x08006d3c   Section        0  can_pro.o(i.s_Can1RxQueueProc)
    i.s_CanRecvDataPro                       0x08006df0   Section        0  can_pro.o(i.s_CanRecvDataPro)
    i.s_CheckCmdExec                         0x08006e44   Section        0  can_pro.o(i.s_CheckCmdExec)
    i.s_CheckDataProc                        0x08006e60   Section        0  can_pro.o(i.s_CheckDataProc)
    i.s_ChipCheckCmdExec                     0x08006ec0   Section        0  can_pro.o(i.s_ChipCheckCmdExec)
    i.s_ChipSetAction                        0x08006fc8   Section        0  can_pro.o(i.s_ChipSetAction)
    i.s_LEDStatusProc                        0x0800707c   Section        0  gpioconfig.o(i.s_LEDStatusProc)
    i.s_MosCheckCmdExec                      0x08007160   Section        0  can_pro.o(i.s_MosCheckCmdExec)
    i.s_MosSet_Action                        0x0800726c   Section        0  can_pro.o(i.s_MosSet_Action)
    i.s_PowerUpTransThreeFrame               0x080072bc   Section        0  main.o(i.s_PowerUpTransThreeFrame)
    s_PowerUpTransThreeFrame                 0x080072bd   Thumb Code    38  main.o(i.s_PowerUpTransThreeFrame)
    i.s_TransmitCheckOut                     0x080072ec   Section        0  can_pro.o(i.s_TransmitCheckOut)
    i.trans_26To32                           0x08007308   Section        0  can_pro.o(i.trans_26To32)
    i.u16IapExFlashCrc                       0x08007354   Section        0  iapupdate.o(i.u16IapExFlashCrc)
    i.u8IapEraserSector                      0x080073c4   Section        0  iapupdate.o(i.u8IapEraserSector)
    i.u8IapGetPrgSize                        0x080073d8   Section        0  iapupdate.o(i.u8IapGetPrgSize)
    i.u8IapGetPrgStorageAddr                 0x08007424   Section        0  iapupdate.o(i.u8IapGetPrgStorageAddr)
    i.u8IapReadBuf                           0x08007470   Section        0  iapupdate.o(i.u8IapReadBuf)
    i.u8IapWriteBuf                          0x0800748a   Section        0  iapupdate.o(i.u8IapWriteBuf)
    i.u8InFlashReadBuf                       0x080074a8   Section        0  iapupdate.o(i.u8InFlashReadBuf)
    i.u8InFlashWriteBuf                      0x080074c4   Section        0  iapupdate.o(i.u8InFlashWriteBuf)
    i.vIapJumpToBoot                         0x08007530   Section        0  iapupdate.o(i.vIapJumpToBoot)
    i.vInFlashErasePage                      0x08007574   Section        0  iapupdate.o(i.vInFlashErasePage)
    .constdata                               0x0800758c   Section      192  outpoint.o(.constdata)
    .constdata                               0x0800764c   Section      448  can_pro.o(.constdata)
    EMV_26_Out_Table                         0x0800764c   Data         128  can_pro.o(.constdata)
    EMV_32_Out_Table                         0x080076cc   Data         128  can_pro.o(.constdata)
    .constdata                               0x0800780c   Section     1008  iapupdate.o(.constdata)
    sDevPrgWriteBase                         0x0800780c   Data         248  iapupdate.o(.constdata)
    sDevPrgSize                              0x08007904   Data         248  iapupdate.o(.constdata)
    .constdata                               0x08007bfc   Section        8  main.o(.constdata)
    .data                                    0x20000000   Section       20  stm32f10x_rcc.o(.data)
    APBAHBPrescTable                         0x20000000   Data          16  stm32f10x_rcc.o(.data)
    ADCPrescTable                            0x20000010   Data           4  stm32f10x_rcc.o(.data)
    .data                                    0x20000014   Section       20  system_stm32f10x.o(.data)
    .data                                    0x20000028   Section       14  can_driver.o(.data)
    .data                                    0x20000038   Section       80  can_pro.o(.data)
    s_u8CRC_TABLE                            0x20000038   Data          16  can_pro.o(.data)
    u32newAct                                0x20000058   Data           4  can_pro.o(.data)
    u32Act                                   0x2000005c   Data           4  can_pro.o(.data)
    FaultWord                                0x2000006c   Data           4  can_pro.o(.data)
    FaultWord1                               0x20000070   Data           4  can_pro.o(.data)
    FaultWord2                               0x20000074   Data           4  can_pro.o(.data)
    CommandByte1                             0x20000078   Data           1  can_pro.o(.data)
    CommandByte2                             0x20000079   Data           1  can_pro.o(.data)
    CommandByte3                             0x2000007a   Data           1  can_pro.o(.data)
    CommandByte4                             0x2000007b   Data           1  can_pro.o(.data)
    .data                                    0x20000088   Section       44  caniap.o(.data)
    u16CrcCalculate                          0x200000b0   Data           2  caniap.o(.data)
    u16Crc                                   0x200000b2   Data           2  caniap.o(.data)
    .data                                    0x200000b4   Section        5  regularcheck.o(.data)
    u8i                                      0x200000b8   Data           1  regularcheck.o(.data)
    .data                                    0x200000bc   Section        8  main.o(.data)
    .data                                    0x200000c4   Section       24  stm32f10x_it.o(.data)
    .bss                                     0x200000dc   Section     7200  can_driver.o(.bss)
    .bss                                     0x20001cfc   Section       20  adc_driver.o(.bss)
    .bss                                     0x20001d10   Section     2800  can_pro.o(.bss)
    .bss                                     0x20002800   Section       32  iapupdate.o(.bss)
    u8Buf                                    0x20002800   Data          32  iapupdate.o(.bss)
    .bss                                     0x20002820   Section       20  regularcheck.o(.bss)
    .bss                                     0x20002834   Section       96  libspace.o(.bss)
    HEAP                                     0x20002898   Section     1024  startup_stm32f10x_md.o(HEAP)
    Heap_Mem                                 0x20002898   Data        1024  startup_stm32f10x_md.o(HEAP)
    STACK                                    0x20002c98   Section     2048  startup_stm32f10x_md.o(STACK)
    Stack_Mem                                0x20002c98   Data        2048  startup_stm32f10x_md.o(STACK)
    __initial_sp                             0x20003498   Data           0  startup_stm32f10x_md.o(STACK)

    Global Symbols

    Symbol Name                              Value     Ov Type        Size  Object(Section)

    BuildAttributes$$THM_ISAv4$P$D$K$B$S$PE$A:L22UL41UL21$X:L11$S22US41US21$IEEE1$IW$USESV6$~STKCKD$USESV7$~SHL$OSPACE$ROPI$EBA8$UX$STANDARDLIB$REQ8$PRES8$EABIv2 0x00000000   Number         0  anon$$obj.o ABSOLUTE
    __ARM_use_no_argv                        0x00000000   Number         0  main.o ABSOLUTE
    __ARM_exceptions_init                     - Undefined Weak Reference
    __alloca_initialize                       - Undefined Weak Reference
    __arm_fini_                               - Undefined Weak Reference
    __arm_preinit_                            - Undefined Weak Reference
    __cpp_initialize__aeabi_                  - Undefined Weak Reference
    __cxa_finalize                            - Undefined Weak Reference
    __rt_locale                               - Undefined Weak Reference
    __sigvec_lookup                           - Undefined Weak Reference
    _atexit_init                              - Undefined Weak Reference
    _call_atexit_fns                          - Undefined Weak Reference
    _clock_init                               - Undefined Weak Reference
    _fp_trap_init                             - Undefined Weak Reference
    _fp_trap_shutdown                         - Undefined Weak Reference
    _get_lc_collate                           - Undefined Weak Reference
    _get_lc_ctype                             - Undefined Weak Reference
    _get_lc_monetary                          - Undefined Weak Reference
    _get_lc_numeric                           - Undefined Weak Reference
    _get_lc_time                              - Undefined Weak Reference
    _getenv_init                              - Undefined Weak Reference
    _handle_redirection                       - Undefined Weak Reference
    _init_alloc                               - Undefined Weak Reference
    _init_user_alloc                          - Undefined Weak Reference
    _initio                                   - Undefined Weak Reference
    _rand_init                                - Undefined Weak Reference
    _signal_finish                            - Undefined Weak Reference
    _signal_init                              - Undefined Weak Reference
    _terminate_alloc                          - Undefined Weak Reference
    _terminate_user_alloc                     - Undefined Weak Reference
    _terminateio                              - Undefined Weak Reference
    __Vectors_Size                           0x000000ec   Number         0  startup_stm32f10x_md.o ABSOLUTE
    __Vectors                                0x08004000   Data           4  startup_stm32f10x_md.o(RESET)
    __Vectors_End                            0x080040ec   Data           0  startup_stm32f10x_md.o(RESET)
    __main                                   0x080040ed   Thumb Code     8  __main.o(!!!main)
    __scatterload                            0x080040f5   Thumb Code     0  __scatter.o(!!!scatter)
    __scatterload_rt2                        0x080040f5   Thumb Code    44  __scatter.o(!!!scatter)
    __scatterload_rt2_thumb_only             0x080040f5   Thumb Code     0  __scatter.o(!!!scatter)
    __scatterload_null                       0x08004103   Thumb Code     0  __scatter.o(!!!scatter)
    __scatterload_copy                       0x08004129   Thumb Code    26  __scatter_copy.o(!!handler_copy)
    __scatterload_zeroinit                   0x08004145   Thumb Code    28  __scatter_zi.o(!!handler_zi)
    __rt_lib_init                            0x08004161   Thumb Code     0  libinit.o(.ARM.Collect$$libinit$$00000000)
    __rt_lib_init_alloca_1                   0x08004163   Thumb Code     0  libinit2.o(.ARM.Collect$$libinit$$0000002E)
    __rt_lib_init_argv_1                     0x08004163   Thumb Code     0  libinit2.o(.ARM.Collect$$libinit$$0000002C)
    __rt_lib_init_atexit_1                   0x08004163   Thumb Code     0  libinit2.o(.ARM.Collect$$libinit$$0000001B)
    __rt_lib_init_clock_1                    0x08004163   Thumb Code     0  libinit2.o(.ARM.Collect$$libinit$$00000021)
    __rt_lib_init_cpp_1                      0x08004163   Thumb Code     0  libinit2.o(.ARM.Collect$$libinit$$00000032)
    __rt_lib_init_exceptions_1               0x08004163   Thumb Code     0  libinit2.o(.ARM.Collect$$libinit$$00000030)
    __rt_lib_init_fp_1                       0x08004163   Thumb Code     0  libinit2.o(.ARM.Collect$$libinit$$00000002)
    __rt_lib_init_fp_trap_1                  0x08004163   Thumb Code     0  libinit2.o(.ARM.Collect$$libinit$$0000001F)
    __rt_lib_init_getenv_1                   0x08004163   Thumb Code     0  libinit2.o(.ARM.Collect$$libinit$$00000023)
    __rt_lib_init_heap_1                     0x08004163   Thumb Code     0  libinit2.o(.ARM.Collect$$libinit$$0000000A)
    __rt_lib_init_lc_collate_1               0x08004163   Thumb Code     0  libinit2.o(.ARM.Collect$$libinit$$00000011)
    __rt_lib_init_lc_ctype_1                 0x08004163   Thumb Code     0  libinit2.o(.ARM.Collect$$libinit$$00000013)
    __rt_lib_init_lc_monetary_1              0x08004163   Thumb Code     0  libinit2.o(.ARM.Collect$$libinit$$00000015)
    __rt_lib_init_lc_numeric_1               0x08004163   Thumb Code     0  libinit2.o(.ARM.Collect$$libinit$$00000017)
    __rt_lib_init_lc_time_1                  0x08004163   Thumb Code     0  libinit2.o(.ARM.Collect$$libinit$$00000019)
    __rt_lib_init_preinit_1                  0x08004163   Thumb Code     0  libinit2.o(.ARM.Collect$$libinit$$00000004)
    __rt_lib_init_rand_1                     0x08004163   Thumb Code     0  libinit2.o(.ARM.Collect$$libinit$$0000000E)
    __rt_lib_init_return                     0x08004163   Thumb Code     0  libinit2.o(.ARM.Collect$$libinit$$00000033)
    __rt_lib_init_signal_1                   0x08004163   Thumb Code     0  libinit2.o(.ARM.Collect$$libinit$$0000001D)
    __rt_lib_init_stdio_1                    0x08004163   Thumb Code     0  libinit2.o(.ARM.Collect$$libinit$$00000025)
    __rt_lib_init_user_alloc_1               0x08004163   Thumb Code     0  libinit2.o(.ARM.Collect$$libinit$$0000000C)
    __rt_lib_shutdown                        0x08004165   Thumb Code     0  libshutdown.o(.ARM.Collect$$libshutdown$$00000000)
    __rt_lib_shutdown_cpp_1                  0x08004167   Thumb Code     0  libshutdown2.o(.ARM.Collect$$libshutdown$$00000004)
    __rt_lib_shutdown_fini_1                 0x08004167   Thumb Code     0  libshutdown2.o(.ARM.Collect$$libshutdown$$00000002)
    __rt_lib_shutdown_fp_trap_1              0x08004167   Thumb Code     0  libshutdown2.o(.ARM.Collect$$libshutdown$$00000009)
    __rt_lib_shutdown_heap_1                 0x08004167   Thumb Code     0  libshutdown2.o(.ARM.Collect$$libshutdown$$00000011)
    __rt_lib_shutdown_return                 0x08004167   Thumb Code     0  libshutdown2.o(.ARM.Collect$$libshutdown$$00000012)
    __rt_lib_shutdown_signal_1               0x08004167   Thumb Code     0  libshutdown2.o(.ARM.Collect$$libshutdown$$0000000C)
    __rt_lib_shutdown_stdio_1                0x08004167   Thumb Code     0  libshutdown2.o(.ARM.Collect$$libshutdown$$00000006)
    __rt_lib_shutdown_user_alloc_1           0x08004167   Thumb Code     0  libshutdown2.o(.ARM.Collect$$libshutdown$$0000000E)
    __rt_entry                               0x08004169   Thumb Code     0  __rtentry.o(.ARM.Collect$$rtentry$$00000000)
    __rt_entry_presh_1                       0x08004169   Thumb Code     0  __rtentry2.o(.ARM.Collect$$rtentry$$00000002)
    __rt_entry_sh                            0x08004169   Thumb Code     0  __rtentry4.o(.ARM.Collect$$rtentry$$00000004)
    __rt_entry_li                            0x0800416f   Thumb Code     0  __rtentry2.o(.ARM.Collect$$rtentry$$0000000A)
    __rt_entry_postsh_1                      0x0800416f   Thumb Code     0  __rtentry2.o(.ARM.Collect$$rtentry$$00000009)
    __rt_entry_main                          0x08004173   Thumb Code     0  __rtentry2.o(.ARM.Collect$$rtentry$$0000000D)
    __rt_entry_postli_1                      0x08004173   Thumb Code     0  __rtentry2.o(.ARM.Collect$$rtentry$$0000000C)
    __rt_exit                                0x0800417b   Thumb Code     0  rtexit.o(.ARM.Collect$$rtexit$$00000000)
    __rt_exit_ls                             0x0800417d   Thumb Code     0  rtexit2.o(.ARM.Collect$$rtexit$$00000003)
    __rt_exit_prels_1                        0x0800417d   Thumb Code     0  rtexit2.o(.ARM.Collect$$rtexit$$00000002)
    __rt_exit_exit                           0x08004181   Thumb Code     0  rtexit2.o(.ARM.Collect$$rtexit$$00000004)
    Reset_Handler                            0x08004189   Thumb Code     8  startup_stm32f10x_md.o(.text)
    ADC1_2_IRQHandler                        0x080041a3   Thumb Code     0  startup_stm32f10x_md.o(.text)
    CAN1_RX1_IRQHandler                      0x080041a3   Thumb Code     0  startup_stm32f10x_md.o(.text)
    CAN1_SCE_IRQHandler                      0x080041a3   Thumb Code     0  startup_stm32f10x_md.o(.text)
    DMA1_Channel1_IRQHandler                 0x080041a3   Thumb Code     0  startup_stm32f10x_md.o(.text)
    DMA1_Channel2_IRQHandler                 0x080041a3   Thumb Code     0  startup_stm32f10x_md.o(.text)
    DMA1_Channel3_IRQHandler                 0x080041a3   Thumb Code     0  startup_stm32f10x_md.o(.text)
    DMA1_Channel4_IRQHandler                 0x080041a3   Thumb Code     0  startup_stm32f10x_md.o(.text)
    DMA1_Channel5_IRQHandler                 0x080041a3   Thumb Code     0  startup_stm32f10x_md.o(.text)
    DMA1_Channel6_IRQHandler                 0x080041a3   Thumb Code     0  startup_stm32f10x_md.o(.text)
    DMA1_Channel7_IRQHandler                 0x080041a3   Thumb Code     0  startup_stm32f10x_md.o(.text)
    EXTI0_IRQHandler                         0x080041a3   Thumb Code     0  startup_stm32f10x_md.o(.text)
    EXTI15_10_IRQHandler                     0x080041a3   Thumb Code     0  startup_stm32f10x_md.o(.text)
    EXTI1_IRQHandler                         0x080041a3   Thumb Code     0  startup_stm32f10x_md.o(.text)
    EXTI2_IRQHandler                         0x080041a3   Thumb Code     0  startup_stm32f10x_md.o(.text)
    EXTI3_IRQHandler                         0x080041a3   Thumb Code     0  startup_stm32f10x_md.o(.text)
    EXTI4_IRQHandler                         0x080041a3   Thumb Code     0  startup_stm32f10x_md.o(.text)
    EXTI9_5_IRQHandler                       0x080041a3   Thumb Code     0  startup_stm32f10x_md.o(.text)
    FLASH_IRQHandler                         0x080041a3   Thumb Code     0  startup_stm32f10x_md.o(.text)
    I2C1_ER_IRQHandler                       0x080041a3   Thumb Code     0  startup_stm32f10x_md.o(.text)
    I2C1_EV_IRQHandler                       0x080041a3   Thumb Code     0  startup_stm32f10x_md.o(.text)
    I2C2_ER_IRQHandler                       0x080041a3   Thumb Code     0  startup_stm32f10x_md.o(.text)
    I2C2_EV_IRQHandler                       0x080041a3   Thumb Code     0  startup_stm32f10x_md.o(.text)
    PVD_IRQHandler                           0x080041a3   Thumb Code     0  startup_stm32f10x_md.o(.text)
    RCC_IRQHandler                           0x080041a3   Thumb Code     0  startup_stm32f10x_md.o(.text)
    RTCAlarm_IRQHandler                      0x080041a3   Thumb Code     0  startup_stm32f10x_md.o(.text)
    RTC_IRQHandler                           0x080041a3   Thumb Code     0  startup_stm32f10x_md.o(.text)
    SPI1_IRQHandler                          0x080041a3   Thumb Code     0  startup_stm32f10x_md.o(.text)
    SPI2_IRQHandler                          0x080041a3   Thumb Code     0  startup_stm32f10x_md.o(.text)
    TAMPER_IRQHandler                        0x080041a3   Thumb Code     0  startup_stm32f10x_md.o(.text)
    TIM1_BRK_IRQHandler                      0x080041a3   Thumb Code     0  startup_stm32f10x_md.o(.text)
    TIM1_CC_IRQHandler                       0x080041a3   Thumb Code     0  startup_stm32f10x_md.o(.text)
    TIM1_TRG_COM_IRQHandler                  0x080041a3   Thumb Code     0  startup_stm32f10x_md.o(.text)
    TIM1_UP_IRQHandler                       0x080041a3   Thumb Code     0  startup_stm32f10x_md.o(.text)
    TIM2_IRQHandler                          0x080041a3   Thumb Code     0  startup_stm32f10x_md.o(.text)
    TIM3_IRQHandler                          0x080041a3   Thumb Code     0  startup_stm32f10x_md.o(.text)
    TIM4_IRQHandler                          0x080041a3   Thumb Code     0  startup_stm32f10x_md.o(.text)
    USART1_IRQHandler                        0x080041a3   Thumb Code     0  startup_stm32f10x_md.o(.text)
    USART2_IRQHandler                        0x080041a3   Thumb Code     0  startup_stm32f10x_md.o(.text)
    USBWakeUp_IRQHandler                     0x080041a3   Thumb Code     0  startup_stm32f10x_md.o(.text)
    WWDG_IRQHandler                          0x080041a3   Thumb Code     0  startup_stm32f10x_md.o(.text)
    __user_initial_stackheap                 0x080041a5   Thumb Code     0  startup_stm32f10x_md.o(.text)
    __aeabi_memcpy4                          0x080041c9   Thumb Code     0  rt_memcpy_w.o(.text)
    __aeabi_memcpy8                          0x080041c9   Thumb Code     0  rt_memcpy_w.o(.text)
    __rt_memcpy_w                            0x080041c9   Thumb Code   100  rt_memcpy_w.o(.text)
    _memcpy_lastbytes_aligned                0x08004211   Thumb Code     0  rt_memcpy_w.o(.text)
    __aeabi_memclr4                          0x0800422d   Thumb Code     0  rt_memclr_w.o(.text)
    __aeabi_memclr8                          0x0800422d   Thumb Code     0  rt_memclr_w.o(.text)
    __rt_memclr_w                            0x0800422d   Thumb Code    78  rt_memclr_w.o(.text)
    _memset_w                                0x08004231   Thumb Code     0  rt_memclr_w.o(.text)
    __use_two_region_memory                  0x0800427b   Thumb Code     2  heapauxi.o(.text)
    __rt_heap_escrow$2region                 0x0800427d   Thumb Code     2  heapauxi.o(.text)
    __rt_heap_expand$2region                 0x0800427f   Thumb Code     2  heapauxi.o(.text)
    __user_setup_stackheap                   0x08004281   Thumb Code    74  sys_stackheap_outer.o(.text)
    exit                                     0x080042cb   Thumb Code    18  exit.o(.text)
    __user_libspace                          0x080042dd   Thumb Code     8  libspace.o(.text)
    __user_perproc_libspace                  0x080042dd   Thumb Code     0  libspace.o(.text)
    __user_perthread_libspace                0x080042dd   Thumb Code     0  libspace.o(.text)
    _sys_exit                                0x080042e5   Thumb Code     8  sys_exit.o(.text)
    __I$use$semihosting                      0x080042f1   Thumb Code     0  use_no_semi.o(.text)
    __use_no_semihosting_swi                 0x080042f1   Thumb Code     2  use_no_semi.o(.text)
    ADC_Cmd                                  0x080042f3   Thumb Code    22  stm32f10x_adc.o(i.ADC_Cmd)
    __semihosting_library_function           0x080042f3   Thumb Code     0  indicate_semi.o(.text)
    ADC_Configuration                        0x08004309   Thumb Code   152  adc_driver.o(i.ADC_Configuration)
    ADC_DeInit                               0x080043a9   Thumb Code    78  stm32f10x_adc.o(i.ADC_DeInit)
    ADC_GetCalibrationStatus                 0x08004405   Thumb Code    20  stm32f10x_adc.o(i.ADC_GetCalibrationStatus)
    ADC_GetConversionValue                   0x08004419   Thumb Code     8  stm32f10x_adc.o(i.ADC_GetConversionValue)
    ADC_GetFlagStatus                        0x08004421   Thumb Code    18  stm32f10x_adc.o(i.ADC_GetFlagStatus)
    ADC_GetResetCalibrationStatus            0x08004433   Thumb Code    20  stm32f10x_adc.o(i.ADC_GetResetCalibrationStatus)
    ADC_Init                                 0x08004449   Thumb Code    70  stm32f10x_adc.o(i.ADC_Init)
    ADC_RegularChannelConfig                 0x08004499   Thumb Code   184  stm32f10x_adc.o(i.ADC_RegularChannelConfig)
    ADC_ResetCalibration                     0x08004551   Thumb Code    10  stm32f10x_adc.o(i.ADC_ResetCalibration)
    ADC_SoftwareStartConvCmd                 0x0800455b   Thumb Code    22  stm32f10x_adc.o(i.ADC_SoftwareStartConvCmd)
    ADC_StartCalibration                     0x08004571   Thumb Code    10  stm32f10x_adc.o(i.ADC_StartCalibration)
    BusFault_Handler                         0x0800457b   Thumb Code     4  stm32f10x_it.o(i.BusFault_Handler)
    CAN_DeInit                               0x08004581   Thumb Code    50  stm32f10x_can.o(i.CAN_DeInit)
    CAN_FilterInit                           0x080045b9   Thumb Code   258  stm32f10x_can.o(i.CAN_FilterInit)
    CAN_ITConfig                             0x080046c1   Thumb Code    18  stm32f10x_can.o(i.CAN_ITConfig)
    CAN_Init                                 0x080046d3   Thumb Code   276  stm32f10x_can.o(i.CAN_Init)
    CAN_Receive                              0x080047e7   Thumb Code   240  stm32f10x_can.o(i.CAN_Receive)
    CAN_StructInit                           0x080048d7   Thumb Code    32  stm32f10x_can.o(i.CAN_StructInit)
    CAN_Transmit                             0x080048f7   Thumb Code   294  stm32f10x_can.o(i.CAN_Transmit)
    CRC_8                                    0x08004a1d   Thumb Code   118  can_pro.o(i.CRC_8)
    CanCmdDataProc                           0x08004a99   Thumb Code   372  can_pro.o(i.CanCmdDataProc)
    CanConfig                                0x08004c1d   Thumb Code   248  can_driver.o(i.CanConfig)
    CanIapInint                              0x08004d1d   Thumb Code    56  caniap.o(i.CanIapInint)
    CanIapTimeDlyUs                          0x08004d85   Thumb Code    26  caniap.o(i.CanIapTimeDlyUs)
    CanRecvProgProc                          0x08004da1   Thumb Code  1186  caniap.o(i.CanRecvProgProc)
    CanTxDataProc                            0x08005295   Thumb Code   216  can_pro.o(i.CanTxDataProc)
    CanVarInit                               0x0800536d   Thumb Code    34  can_driver.o(i.CanVarInit)
    ChipGPIO_Configuration                   0x080053a9   Thumb Code   396  gpioconfig.o(i.ChipGPIO_Configuration)
    Chip_CheckQueueSend                      0x08005545   Thumb Code    88  can_pro.o(i.Chip_CheckQueueSend)
    DebugMon_Handler                         0x080055a1   Thumb Code     2  stm32f10x_it.o(i.DebugMon_Handler)
    Delay                                    0x080055a5   Thumb Code    16  gpioconfig.o(i.Delay)
    FLASH_ErasePage                          0x080055b9   Thumb Code    72  stm32f10x_flash.o(i.FLASH_ErasePage)
    FLASH_GetBank1Status                     0x08005605   Thumb Code    48  stm32f10x_flash.o(i.FLASH_GetBank1Status)
    FLASH_Lock                               0x08005639   Thumb Code    14  stm32f10x_flash.o(i.FLASH_Lock)
    FLASH_ProgramHalfWord                    0x0800564d   Thumb Code    60  stm32f10x_flash.o(i.FLASH_ProgramHalfWord)
    FLASH_ProgramWord                        0x0800568d   Thumb Code   102  stm32f10x_flash.o(i.FLASH_ProgramWord)
    FLASH_SetLatency                         0x080056f9   Thumb Code    18  stm32f10x_flash.o(i.FLASH_SetLatency)
    FLASH_Unlock                             0x08005711   Thumb Code    12  stm32f10x_flash.o(i.FLASH_Unlock)
    FLASH_WaitForLastOperation               0x08005729   Thumb Code    38  stm32f10x_flash.o(i.FLASH_WaitForLastOperation)
    GPIO_Init                                0x0800574f   Thumb Code   278  stm32f10x_gpio.o(i.GPIO_Init)
    GPIO_PinRemapConfig                      0x08005865   Thumb Code   138  stm32f10x_gpio.o(i.GPIO_PinRemapConfig)
    GPIO_ReadInputData                       0x080058f5   Thumb Code     8  stm32f10x_gpio.o(i.GPIO_ReadInputData)
    GPIO_ReadInputDataBit                    0x080058fd   Thumb Code    18  stm32f10x_gpio.o(i.GPIO_ReadInputDataBit)
    GPIO_ResetBits                           0x0800590f   Thumb Code     4  stm32f10x_gpio.o(i.GPIO_ResetBits)
    GPIO_SetBits                             0x08005913   Thumb Code     4  stm32f10x_gpio.o(i.GPIO_SetBits)
    Get_Adc_Channel_Val                      0x08005919   Thumb Code    50  adc_driver.o(i.Get_Adc_Channel_Val)
    Get_MosSamples_Val                       0x08005951   Thumb Code    28  regularcheck.o(i.Get_MosSamples_Val)
    Get_Samples_Val                          0x08005971   Thumb Code    54  adc_driver.o(i.Get_Samples_Val)
    HardFault_Handler                        0x080059b1   Thumb Code     4  stm32f10x_it.o(i.HardFault_Handler)
    HareId_Init                              0x080059b5   Thumb Code   100  hard_id.o(i.HareId_Init)
    IWDG_Configuration                       0x08005a21   Thumb Code    52  iwdg.o(i.IWDG_Configuration)
    IWDG_Enable                              0x08005a55   Thumb Code    10  stm32f10x_iwdg.o(i.IWDG_Enable)
    IWDG_Feed                                0x08005a65   Thumb Code     8  iwdg.o(i.IWDG_Feed)
    IWDG_ReloadCounter                       0x08005a6d   Thumb Code    10  stm32f10x_iwdg.o(i.IWDG_ReloadCounter)
    IWDG_SetPrescaler                        0x08005a7d   Thumb Code     6  stm32f10x_iwdg.o(i.IWDG_SetPrescaler)
    IWDG_SetReload                           0x08005a89   Thumb Code     6  stm32f10x_iwdg.o(i.IWDG_SetReload)
    IWDG_WriteAccessCmd                      0x08005a95   Thumb Code     6  stm32f10x_iwdg.o(i.IWDG_WriteAccessCmd)
    InsCanTxQueue                            0x08005aa1   Thumb Code    84  can_pro.o(i.InsCanTxQueue)
    InsertActionQueue                        0x08005b05   Thumb Code   108  can_pro.o(i.InsertActionQueue)
    InsertActionRxQueue                      0x08005b79   Thumb Code    38  can_pro.o(i.InsertActionRxQueue)
    InsertCheckActionQueue                   0x08005ba9   Thumb Code    38  can_pro.o(i.InsertCheckActionQueue)
    InsertCheckQueue                         0x08005bd9   Thumb Code    38  can_pro.o(i.InsertCheckQueue)
    MemManage_Handler                        0x08005c09   Thumb Code     4  stm32f10x_it.o(i.MemManage_Handler)
    MosGPIO_Configuration                    0x08005c0d   Thumb Code   160  gpioconfig.o(i.MosGPIO_Configuration)
    Mos_CheckCycle                           0x08005cb9   Thumb Code   100  regularcheck.o(i.Mos_CheckCycle)
    Mos_CheckQueueSend                       0x08005d35   Thumb Code    74  can_pro.o(i.Mos_CheckQueueSend)
    Mos_SampVal_Proc                         0x08005d89   Thumb Code   102  regularcheck.o(i.Mos_SampVal_Proc)
    NMI_Handler                              0x08005df5   Thumb Code     2  stm32f10x_it.o(i.NMI_Handler)
    NVIC_Init                                0x08005df9   Thumb Code   100  misc.o(i.NVIC_Init)
    NewActionRxQueue                         0x08005e69   Thumb Code    36  can_pro.o(i.NewActionRxQueue)
    NewCheckActionRx                         0x08005e9d   Thumb Code    36  can_pro.o(i.NewCheckActionRx)
    OutPoint_Init                            0x08005ed1   Thumb Code    84  outpoint.o(i.OutPoint_Init)
    OverCurrent_Checkcycle                   0x08005f31   Thumb Code    60  regularcheck.o(i.OverCurrent_Checkcycle)
    PendSV_Handler                           0x08005f7d   Thumb Code     2  stm32f10x_it.o(i.PendSV_Handler)
    RCC_ADCCLKConfig                         0x08005f81   Thumb Code    18  stm32f10x_rcc.o(i.RCC_ADCCLKConfig)
    RCC_APB1PeriphClockCmd                   0x08005f99   Thumb Code    26  stm32f10x_rcc.o(i.RCC_APB1PeriphClockCmd)
    RCC_APB1PeriphResetCmd                   0x08005fb9   Thumb Code    26  stm32f10x_rcc.o(i.RCC_APB1PeriphResetCmd)
    RCC_APB2PeriphClockCmd                   0x08005fd9   Thumb Code    26  stm32f10x_rcc.o(i.RCC_APB2PeriphClockCmd)
    RCC_APB2PeriphResetCmd                   0x08005ff9   Thumb Code    26  stm32f10x_rcc.o(i.RCC_APB2PeriphResetCmd)
    RCC_Configuration                        0x08006019   Thumb Code    98  bsp.o(i.RCC_Configuration)
    RCC_DeInit                               0x0800607d   Thumb Code    64  stm32f10x_rcc.o(i.RCC_DeInit)
    RCC_GetClocksFreq                        0x080060c9   Thumb Code   192  stm32f10x_rcc.o(i.RCC_GetClocksFreq)
    RCC_GetFlagStatus                        0x080061a1   Thumb Code    56  stm32f10x_rcc.o(i.RCC_GetFlagStatus)
    RCC_GetSYSCLKSource                      0x080061dd   Thumb Code    10  stm32f10x_rcc.o(i.RCC_GetSYSCLKSource)
    RCC_HCLKConfig                           0x080061ed   Thumb Code    18  stm32f10x_rcc.o(i.RCC_HCLKConfig)
    RCC_HSEConfig                            0x08006205   Thumb Code    70  stm32f10x_rcc.o(i.RCC_HSEConfig)
    RCC_LSICmd                               0x08006251   Thumb Code     6  stm32f10x_rcc.o(i.RCC_LSICmd)
    RCC_PCLK1Config                          0x0800625d   Thumb Code    18  stm32f10x_rcc.o(i.RCC_PCLK1Config)
    RCC_PCLK2Config                          0x08006275   Thumb Code    20  stm32f10x_rcc.o(i.RCC_PCLK2Config)
    RCC_PLLCmd                               0x0800628d   Thumb Code     6  stm32f10x_rcc.o(i.RCC_PLLCmd)
    RCC_PLLConfig                            0x08006299   Thumb Code    24  stm32f10x_rcc.o(i.RCC_PLLConfig)
    RCC_SYSCLKConfig                         0x080062b5   Thumb Code    18  stm32f10x_rcc.o(i.RCC_SYSCLKConfig)
    RCC_WaitForHSEStartUp                    0x080062cd   Thumb Code    56  stm32f10x_rcc.o(i.RCC_WaitForHSEStartUp)
    SPI1_Init                                0x08006305   Thumb Code    86  gpioconfig.o(i.SPI1_Init)
    SPI1_SendByte                            0x08006361   Thumb Code    50  can_pro.o(i.SPI1_SendByte)
    SPI_Cmd                                  0x08006399   Thumb Code    24  stm32f10x_spi.o(i.SPI_Cmd)
    SPI_I2S_GetFlagStatus                    0x080063b1   Thumb Code    18  stm32f10x_spi.o(i.SPI_I2S_GetFlagStatus)
    SPI_I2S_ReceiveData                      0x080063c3   Thumb Code     6  stm32f10x_spi.o(i.SPI_I2S_ReceiveData)
    SPI_I2S_SendData                         0x080063c9   Thumb Code     4  stm32f10x_spi.o(i.SPI_I2S_SendData)
    SPI_Init                                 0x080063cd   Thumb Code    60  stm32f10x_spi.o(i.SPI_Init)
    SVC_Handler                              0x08006409   Thumb Code     2  stm32f10x_it.o(i.SVC_Handler)
    SampVal_Proc                             0x0800640d   Thumb Code   102  adc_driver.o(i.SampVal_Proc)
    SetCANSpeed                              0x08006479   Thumb Code   128  can_driver.o(i.SetCANSpeed)
    Stop_Action                              0x080065e1   Thumb Code   136  can_pro.o(i.Stop_Action)
    SysTick_Configuration                    0x080066a1   Thumb Code    90  bsp.o(i.SysTick_Configuration)
    SysTick_Handler                          0x08006709   Thumb Code   270  stm32f10x_it.o(i.SysTick_Handler)
    SystemInit                               0x08006841   Thumb Code    70  system_stm32f10x.o(i.SystemInit)
    TakeAction                               0x08006895   Thumb Code    50  can_pro.o(i.TakeAction)
    TakeCheckAction                          0x080068c7   Thumb Code    28  can_pro.o(i.TakeCheckAction)
    USART3_IRQHandler                        0x080068e3   Thumb Code     2  stm32f10x_it.o(i.USART3_IRQHandler)
    USB_HP_CAN1_TX_IRQHandler                0x080068e5   Thumb Code   126  can_driver.o(i.USB_HP_CAN1_TX_IRQHandler)
    USB_LP_CAN1_RX0_IRQHandler               0x08006979   Thumb Code   182  can_driver.o(i.USB_LP_CAN1_RX0_IRQHandler)
    UsageFault_Handler                       0x08006a49   Thumb Code     4  stm32f10x_it.o(i.UsageFault_Handler)
    Var_Init                                 0x08006a4d   Thumb Code    24  can_pro.o(i.Var_Init)
    main                                     0x08006a79   Thumb Code   226  main.o(i.main)
    s_ActionCmdExec                          0x08006b89   Thumb Code   138  can_pro.o(i.s_ActionCmdExec)
    s_ActionDataPro                          0x08006c31   Thumb Code   146  can_pro.o(i.s_ActionDataPro)
    s_CANxCheckFaultTxProc                   0x08006ce1   Thumb Code    46  can_pro.o(i.s_CANxCheckFaultTxProc)
    s_CANxCheckValueTxProc                   0x08006d0f   Thumb Code    46  can_pro.o(i.s_CANxCheckValueTxProc)
    s_Can1RxQueueProc                        0x08006d3d   Thumb Code   158  can_pro.o(i.s_Can1RxQueueProc)
    s_CanRecvDataPro                         0x08006df1   Thumb Code    80  can_pro.o(i.s_CanRecvDataPro)
    s_CheckCmdExec                           0x08006e45   Thumb Code    22  can_pro.o(i.s_CheckCmdExec)
    s_CheckDataProc                          0x08006e61   Thumb Code    78  can_pro.o(i.s_CheckDataProc)
    s_ChipCheckCmdExec                       0x08006ec1   Thumb Code   230  can_pro.o(i.s_ChipCheckCmdExec)
    s_ChipSetAction                          0x08006fc9   Thumb Code   146  can_pro.o(i.s_ChipSetAction)
    s_LEDStatusProc                          0x0800707d   Thumb Code   202  gpioconfig.o(i.s_LEDStatusProc)
    s_MosCheckCmdExec                        0x08007161   Thumb Code   234  can_pro.o(i.s_MosCheckCmdExec)
    s_MosSet_Action                          0x0800726d   Thumb Code    70  can_pro.o(i.s_MosSet_Action)
    s_TransmitCheckOut                       0x080072ed   Thumb Code    22  can_pro.o(i.s_TransmitCheckOut)
    trans_26To32                             0x08007309   Thumb Code    66  can_pro.o(i.trans_26To32)
    u16IapExFlashCrc                         0x08007355   Thumb Code   102  iapupdate.o(i.u16IapExFlashCrc)
    u8IapEraserSector                        0x080073c5   Thumb Code    20  iapupdate.o(i.u8IapEraserSector)
    u8IapGetPrgSize                          0x080073d9   Thumb Code    66  iapupdate.o(i.u8IapGetPrgSize)
    u8IapGetPrgStorageAddr                   0x08007425   Thumb Code    66  iapupdate.o(i.u8IapGetPrgStorageAddr)
    u8IapReadBuf                             0x08007471   Thumb Code    26  iapupdate.o(i.u8IapReadBuf)
    u8IapWriteBuf                            0x0800748b   Thumb Code    30  iapupdate.o(i.u8IapWriteBuf)
    u8InFlashReadBuf                         0x080074a9   Thumb Code    28  iapupdate.o(i.u8InFlashReadBuf)
    u8InFlashWriteBuf                        0x080074c5   Thumb Code   106  iapupdate.o(i.u8InFlashWriteBuf)
    vIapJumpToBoot                           0x08007531   Thumb Code    54  iapupdate.o(i.vIapJumpToBoot)
    vInFlashErasePage                        0x08007575   Thumb Code    24  iapupdate.o(i.vInFlashErasePage)
    OutPoint_GpioPinBuf                      0x0800758c   Data          64  outpoint.o(.constdata)
    OutGpioPortBuf                           0x080075cc   Data         128  outpoint.o(.constdata)
    OutPoint_Action_GpioPinBuf               0x0800774c   Data          64  can_pro.o(.constdata)
    OutPoint_Action_GpioPortBuf              0x0800778c   Data         128  can_pro.o(.constdata)
    u16Crc16tab                              0x080079fc   Data         512  iapupdate.o(.constdata)
    cu8HeartBeatData                         0x08007bfc   Data           8  main.o(.constdata)
    Region$$Table$$Base                      0x08007c04   Number         0  anon$$obj.o(Region$$Table)
    Region$$Table$$Limit                     0x08007c24   Number         0  anon$$obj.o(Region$$Table)
    SystemCoreClock                          0x20000014   Data           4  system_stm32f10x.o(.data)
    AHBPrescTable                            0x20000018   Data          16  system_stm32f10x.o(.data)
    s_u16EmvdCanRxQueueHeadPtr               0x20000028   Data           2  can_driver.o(.data)
    s_u16EmvdCanRxQueueEndPtr                0x2000002a   Data           2  can_driver.o(.data)
    s_u16EmvdCanRxQueueCnt                   0x2000002c   Data           2  can_driver.o(.data)
    s_u16EmvdCanTxQueueHeadPtr               0x2000002e   Data           2  can_driver.o(.data)
    s_u16EmvdCanTxQueueEndPtr                0x20000030   Data           2  can_driver.o(.data)
    s_u16EmvdCanTxQueueCnt                   0x20000032   Data           2  can_driver.o(.data)
    g_u8LightState                           0x20000034   Data           2  can_driver.o(.data)
    ActionRxQueueHead                        0x20000048   Data           2  can_pro.o(.data)
    ActionRxQueueEnd                         0x2000004a   Data           2  can_pro.o(.data)
    ActionQueueHead                          0x2000004c   Data           2  can_pro.o(.data)
    ActionQueueEnd                           0x2000004e   Data           2  can_pro.o(.data)
    ActionWord                               0x20000050   Data           4  can_pro.o(.data)
    LastAction                               0x20000054   Data           4  can_pro.o(.data)
    CheckData                                0x20000060   Data           4  can_pro.o(.data)
    CheckWord                                0x20000064   Data           4  can_pro.o(.data)
    CheckNewData                             0x20000068   Data           4  can_pro.o(.data)
    VoltValue                                0x2000007c   Data           4  can_pro.o(.data)
    CheckQueueHead                           0x20000080   Data           2  can_pro.o(.data)
    CheckQueueEnd                            0x20000082   Data           2  can_pro.o(.data)
    CheckActionQueueHead                     0x20000084   Data           2  can_pro.o(.data)
    CheckActionQueueEnd                      0x20000086   Data           2  can_pro.o(.data)
    u32RecvBaseAddr                          0x20000088   Data           4  caniap.o(.data)
    u32RecvOffsetAddr                        0x2000008c   Data           4  caniap.o(.data)
    u32RecvTotalPacketNumb                   0x20000090   Data           4  caniap.o(.data)
    u32NowRecvPacketNumb                     0x20000094   Data           4  caniap.o(.data)
    u32NowRecvPacketNumbBackup               0x20000098   Data           4  caniap.o(.data)
    u8NowRecvPacketNumbTimes                 0x2000009c   Data           1  caniap.o(.data)
    u32RecvProgLength                        0x200000a0   Data           4  caniap.o(.data)
    u16BackupScId                            0x200000a4   Data           2  caniap.o(.data)
    u16BackupScMinid                         0x200000a6   Data           2  caniap.o(.data)
    u16BackupScMaxid                         0x200000a8   Data           2  caniap.o(.data)
    u8BackupLeftErr                          0x200000aa   Data           1  caniap.o(.data)
    u8BackupRightErr                         0x200000ab   Data           1  caniap.o(.data)
    u32DevType                               0x200000ac   Data           4  caniap.o(.data)
    Mos_VoltValue                            0x200000b4   Data           4  regularcheck.o(.data)
    Hare_Id                                  0x200000bc   Data           4  main.o(.data)
    u32i                                     0x200000c0   Data           4  main.o(.data)
    ActionTimer                              0x200000c4   Data           2  stm32f10x_it.o(.data)
    CANRxTimer                               0x200000c6   Data           2  stm32f10x_it.o(.data)
    CAN1HeartbeatTimer                       0x200000c8   Data           2  stm32f10x_it.o(.data)
    g_Light1DurationTimer                    0x200000ca   Data           2  stm32f10x_it.o(.data)
    g_Light2DurationTimer                    0x200000cc   Data           2  stm32f10x_it.o(.data)
    TimingDelay                              0x200000d0   Data           4  stm32f10x_it.o(.data)
    Mos_CheckTimer                           0x200000d4   Data           2  stm32f10x_it.o(.data)
    Rcop_CheckTimer                          0x200000d6   Data           2  stm32f10x_it.o(.data)
    Mos_FaultTimer                           0x200000d8   Data           2  stm32f10x_it.o(.data)
    Rcop_FaultTimer                          0x200000da   Data           2  stm32f10x_it.o(.data)
    s_EmvdCanRxQueue                         0x200000dc   Data        3200  can_driver.o(.bss)
    s_EmvdCanTxQueue                         0x20000d5c   Data        4000  can_driver.o(.bss)
    Volt_Val                                 0x20001cfc   Data          20  adc_driver.o(.bss)
    ActionRxQueue                            0x20001d10   Data         400  can_pro.o(.bss)
    ActionQueue                              0x20001ea0   Data         800  can_pro.o(.bss)
    CheckQueue                               0x200021c0   Data         800  can_pro.o(.bss)
    CheckActionQueue                         0x200024e0   Data         800  can_pro.o(.bss)
    Mos_Volt_Val                             0x20002820   Data          20  regularcheck.o(.bss)
    __libspace_start                         0x20002834   Data          96  libspace.o(.bss)
    __temporary_stack_top$libspace           0x20002894   Data           0  libspace.o(.bss)



==============================================================================

Memory Map of the image

  Image Entry point : 0x080040ed

  Load Region LR_IROM1 (Base: 0x08004000, Size: 0x00003d00, Max: 0x000117ff, ABSOLUTE)

    Execution Region ER_IROM1 (Exec base: 0x08004000, Load base: 0x08004000, Size: 0x00003c24, Max: 0x000117ff, ABSOLUTE)

    Exec Addr    Load Addr    Size         Type   Attr      Idx    E Section Name        Object

    0x08004000   0x08004000   0x000000ec   Data   RO            3    RESET               startup_stm32f10x_md.o
    0x080040ec   0x080040ec   0x00000008   Code   RO         2967  * !!!main             c_w.l(__main.o)
    0x080040f4   0x080040f4   0x00000034   Code   RO         3126    !!!scatter          c_w.l(__scatter.o)
    0x08004128   0x08004128   0x0000001a   Code   RO         3128    !!handler_copy      c_w.l(__scatter_copy.o)
    0x08004142   0x08004142   0x00000002   PAD
    0x08004144   0x08004144   0x0000001c   Code   RO         3130    !!handler_zi        c_w.l(__scatter_zi.o)
    0x08004160   0x08004160   0x00000002   Code   RO         2994    .ARM.Collect$$libinit$$00000000  c_w.l(libinit.o)
    0x08004162   0x08004162   0x00000000   Code   RO         3001    .ARM.Collect$$libinit$$00000002  c_w.l(libinit2.o)
    0x08004162   0x08004162   0x00000000   Code   RO         3003    .ARM.Collect$$libinit$$00000004  c_w.l(libinit2.o)
    0x08004162   0x08004162   0x00000000   Code   RO         3006    .ARM.Collect$$libinit$$0000000A  c_w.l(libinit2.o)
    0x08004162   0x08004162   0x00000000   Code   RO         3008    .ARM.Collect$$libinit$$0000000C  c_w.l(libinit2.o)
    0x08004162   0x08004162   0x00000000   Code   RO         3010    .ARM.Collect$$libinit$$0000000E  c_w.l(libinit2.o)
    0x08004162   0x08004162   0x00000000   Code   RO         3013    .ARM.Collect$$libinit$$00000011  c_w.l(libinit2.o)
    0x08004162   0x08004162   0x00000000   Code   RO         3015    .ARM.Collect$$libinit$$00000013  c_w.l(libinit2.o)
    0x08004162   0x08004162   0x00000000   Code   RO         3017    .ARM.Collect$$libinit$$00000015  c_w.l(libinit2.o)
    0x08004162   0x08004162   0x00000000   Code   RO         3019    .ARM.Collect$$libinit$$00000017  c_w.l(libinit2.o)
    0x08004162   0x08004162   0x00000000   Code   RO         3021    .ARM.Collect$$libinit$$00000019  c_w.l(libinit2.o)
    0x08004162   0x08004162   0x00000000   Code   RO         3023    .ARM.Collect$$libinit$$0000001B  c_w.l(libinit2.o)
    0x08004162   0x08004162   0x00000000   Code   RO         3025    .ARM.Collect$$libinit$$0000001D  c_w.l(libinit2.o)
    0x08004162   0x08004162   0x00000000   Code   RO         3027    .ARM.Collect$$libinit$$0000001F  c_w.l(libinit2.o)
    0x08004162   0x08004162   0x00000000   Code   RO         3029    .ARM.Collect$$libinit$$00000021  c_w.l(libinit2.o)
    0x08004162   0x08004162   0x00000000   Code   RO         3031    .ARM.Collect$$libinit$$00000023  c_w.l(libinit2.o)
    0x08004162   0x08004162   0x00000000   Code   RO         3033    .ARM.Collect$$libinit$$00000025  c_w.l(libinit2.o)
    0x08004162   0x08004162   0x00000000   Code   RO         3037    .ARM.Collect$$libinit$$0000002C  c_w.l(libinit2.o)
    0x08004162   0x08004162   0x00000000   Code   RO         3039    .ARM.Collect$$libinit$$0000002E  c_w.l(libinit2.o)
    0x08004162   0x08004162   0x00000000   Code   RO         3041    .ARM.Collect$$libinit$$00000030  c_w.l(libinit2.o)
    0x08004162   0x08004162   0x00000000   Code   RO         3043    .ARM.Collect$$libinit$$00000032  c_w.l(libinit2.o)
    0x08004162   0x08004162   0x00000002   Code   RO         3044    .ARM.Collect$$libinit$$00000033  c_w.l(libinit2.o)
    0x08004164   0x08004164   0x00000002   Code   RO         3064    .ARM.Collect$$libshutdown$$00000000  c_w.l(libshutdown.o)
    0x08004166   0x08004166   0x00000000   Code   RO         3077    .ARM.Collect$$libshutdown$$00000002  c_w.l(libshutdown2.o)
    0x08004166   0x08004166   0x00000000   Code   RO         3079    .ARM.Collect$$libshutdown$$00000004  c_w.l(libshutdown2.o)
    0x08004166   0x08004166   0x00000000   Code   RO         3081    .ARM.Collect$$libshutdown$$00000006  c_w.l(libshutdown2.o)
    0x08004166   0x08004166   0x00000000   Code   RO         3084    .ARM.Collect$$libshutdown$$00000009  c_w.l(libshutdown2.o)
    0x08004166   0x08004166   0x00000000   Code   RO         3087    .ARM.Collect$$libshutdown$$0000000C  c_w.l(libshutdown2.o)
    0x08004166   0x08004166   0x00000000   Code   RO         3089    .ARM.Collect$$libshutdown$$0000000E  c_w.l(libshutdown2.o)
    0x08004166   0x08004166   0x00000000   Code   RO         3092    .ARM.Collect$$libshutdown$$00000011  c_w.l(libshutdown2.o)
    0x08004166   0x08004166   0x00000002   Code   RO         3093    .ARM.Collect$$libshutdown$$00000012  c_w.l(libshutdown2.o)
    0x08004168   0x08004168   0x00000000   Code   RO         2969    .ARM.Collect$$rtentry$$00000000  c_w.l(__rtentry.o)
    0x08004168   0x08004168   0x00000000   Code   RO         2971    .ARM.Collect$$rtentry$$00000002  c_w.l(__rtentry2.o)
    0x08004168   0x08004168   0x00000006   Code   RO         2983    .ARM.Collect$$rtentry$$00000004  c_w.l(__rtentry4.o)
    0x0800416e   0x0800416e   0x00000000   Code   RO         2973    .ARM.Collect$$rtentry$$00000009  c_w.l(__rtentry2.o)
    0x0800416e   0x0800416e   0x00000004   Code   RO         2974    .ARM.Collect$$rtentry$$0000000A  c_w.l(__rtentry2.o)
    0x08004172   0x08004172   0x00000000   Code   RO         2976    .ARM.Collect$$rtentry$$0000000C  c_w.l(__rtentry2.o)
    0x08004172   0x08004172   0x00000008   Code   RO         2977    .ARM.Collect$$rtentry$$0000000D  c_w.l(__rtentry2.o)
    0x0800417a   0x0800417a   0x00000002   Code   RO         2998    .ARM.Collect$$rtexit$$00000000  c_w.l(rtexit.o)
    0x0800417c   0x0800417c   0x00000000   Code   RO         3046    .ARM.Collect$$rtexit$$00000002  c_w.l(rtexit2.o)
    0x0800417c   0x0800417c   0x00000004   Code   RO         3047    .ARM.Collect$$rtexit$$00000003  c_w.l(rtexit2.o)
    0x08004180   0x08004180   0x00000006   Code   RO         3048    .ARM.Collect$$rtexit$$00000004  c_w.l(rtexit2.o)
    0x08004186   0x08004186   0x00000002   PAD
    0x08004188   0x08004188   0x00000040   Code   RO            4    .text               startup_stm32f10x_md.o
    0x080041c8   0x080041c8   0x00000064   Code   RO         2961    .text               c_w.l(rt_memcpy_w.o)
    0x0800422c   0x0800422c   0x0000004e   Code   RO         2963    .text               c_w.l(rt_memclr_w.o)
    0x0800427a   0x0800427a   0x00000006   Code   RO         2965    .text               c_w.l(heapauxi.o)
    0x08004280   0x08004280   0x0000004a   Code   RO         2985    .text               c_w.l(sys_stackheap_outer.o)
    0x080042ca   0x080042ca   0x00000012   Code   RO         2987    .text               c_w.l(exit.o)
    0x080042dc   0x080042dc   0x00000008   Code   RO         2995    .text               c_w.l(libspace.o)
    0x080042e4   0x080042e4   0x0000000c   Code   RO         3056    .text               c_w.l(sys_exit.o)
    0x080042f0   0x080042f0   0x00000002   Code   RO         3067    .text               c_w.l(use_no_semi.o)
    0x080042f2   0x080042f2   0x00000000   Code   RO         3069    .text               c_w.l(indicate_semi.o)
    0x080042f2   0x080042f2   0x00000016   Code   RO          139    i.ADC_Cmd           stm32f10x_adc.o
    0x08004308   0x08004308   0x000000a0   Code   RO         2201    i.ADC_Configuration  adc_driver.o
    0x080043a8   0x080043a8   0x0000005c   Code   RO          141    i.ADC_DeInit        stm32f10x_adc.o
    0x08004404   0x08004404   0x00000014   Code   RO          147    i.ADC_GetCalibrationStatus  stm32f10x_adc.o
    0x08004418   0x08004418   0x00000008   Code   RO          148    i.ADC_GetConversionValue  stm32f10x_adc.o
    0x08004420   0x08004420   0x00000012   Code   RO          150    i.ADC_GetFlagStatus  stm32f10x_adc.o
    0x08004432   0x08004432   0x00000014   Code   RO          153    i.ADC_GetResetCalibrationStatus  stm32f10x_adc.o
    0x08004446   0x08004446   0x00000002   PAD
    0x08004448   0x08004448   0x00000050   Code   RO          157    i.ADC_Init          stm32f10x_adc.o
    0x08004498   0x08004498   0x000000b8   Code   RO          161    i.ADC_RegularChannelConfig  stm32f10x_adc.o
    0x08004550   0x08004550   0x0000000a   Code   RO          162    i.ADC_ResetCalibration  stm32f10x_adc.o
    0x0800455a   0x0800455a   0x00000016   Code   RO          164    i.ADC_SoftwareStartConvCmd  stm32f10x_adc.o
    0x08004570   0x08004570   0x0000000a   Code   RO          166    i.ADC_StartCalibration  stm32f10x_adc.o
    0x0800457a   0x0800457a   0x00000004   Code   RO         2881    i.BusFault_Handler  stm32f10x_it.o
    0x0800457e   0x0800457e   0x00000002   PAD
    0x08004580   0x08004580   0x00000038   Code   RO          359    i.CAN_DeInit        stm32f10x_can.o
    0x080045b8   0x080045b8   0x00000108   Code   RO          361    i.CAN_FilterInit    stm32f10x_can.o
    0x080046c0   0x080046c0   0x00000012   Code   RO          367    i.CAN_ITConfig      stm32f10x_can.o
    0x080046d2   0x080046d2   0x00000114   Code   RO          368    i.CAN_Init          stm32f10x_can.o
    0x080047e6   0x080047e6   0x000000f0   Code   RO          371    i.CAN_Receive       stm32f10x_can.o
    0x080048d6   0x080048d6   0x00000020   Code   RO          374    i.CAN_StructInit    stm32f10x_can.o
    0x080048f6   0x080048f6   0x00000126   Code   RO          376    i.CAN_Transmit      stm32f10x_can.o
    0x08004a1c   0x08004a1c   0x0000007c   Code   RO         2422    i.CRC_8             can_pro.o
    0x08004a98   0x08004a98   0x00000184   Code   RO         2423    i.CanCmdDataProc    can_pro.o
    0x08004c1c   0x08004c1c   0x00000100   Code   RO         2140    i.CanConfig         can_driver.o
    0x08004d1c   0x08004d1c   0x00000068   Code   RO         2632    i.CanIapInint       caniap.o
    0x08004d84   0x08004d84   0x0000001a   Code   RO         2633    i.CanIapTimeDlyUs   caniap.o
    0x08004d9e   0x08004d9e   0x00000002   PAD
    0x08004da0   0x08004da0   0x000004c4   Code   RO         2634    i.CanRecvProgProc   caniap.o
    0x08005264   0x08005264   0x00000030   Code   RO         2141    i.CanTrsDummy       can_driver.o
    0x08005294   0x08005294   0x000000d8   Code   RO         2424    i.CanTxDataProc     can_pro.o
    0x0800536c   0x0800536c   0x0000003c   Code   RO         2142    i.CanVarInit        can_driver.o
    0x080053a8   0x080053a8   0x0000019c   Code   RO         2266    i.ChipGPIO_Configuration  gpioconfig.o
    0x08005544   0x08005544   0x0000005c   Code   RO         2425    i.Chip_CheckQueueSend  can_pro.o
    0x080055a0   0x080055a0   0x00000002   Code   RO         2882    i.DebugMon_Handler  stm32f10x_it.o
    0x080055a2   0x080055a2   0x00000002   PAD
    0x080055a4   0x080055a4   0x00000014   Code   RO         2267    i.Delay             gpioconfig.o
    0x080055b8   0x080055b8   0x0000004c   Code   RO          641    i.FLASH_ErasePage   stm32f10x_flash.o
    0x08005604   0x08005604   0x00000034   Code   RO          642    i.FLASH_GetBank1Status  stm32f10x_flash.o
    0x08005638   0x08005638   0x00000014   Code   RO          651    i.FLASH_Lock        stm32f10x_flash.o
    0x0800564c   0x0800564c   0x00000040   Code   RO          654    i.FLASH_ProgramHalfWord  stm32f10x_flash.o
    0x0800568c   0x0800568c   0x0000006c   Code   RO          656    i.FLASH_ProgramWord  stm32f10x_flash.o
    0x080056f8   0x080056f8   0x00000018   Code   RO          658    i.FLASH_SetLatency  stm32f10x_flash.o
    0x08005710   0x08005710   0x00000018   Code   RO          659    i.FLASH_Unlock      stm32f10x_flash.o
    0x08005728   0x08005728   0x00000026   Code   RO          663    i.FLASH_WaitForLastOperation  stm32f10x_flash.o
    0x0800574e   0x0800574e   0x00000116   Code   RO          816    i.GPIO_Init         stm32f10x_gpio.o
    0x08005864   0x08005864   0x00000090   Code   RO          818    i.GPIO_PinRemapConfig  stm32f10x_gpio.o
    0x080058f4   0x080058f4   0x00000008   Code   RO          819    i.GPIO_ReadInputData  stm32f10x_gpio.o
    0x080058fc   0x080058fc   0x00000012   Code   RO          820    i.GPIO_ReadInputDataBit  stm32f10x_gpio.o
    0x0800590e   0x0800590e   0x00000004   Code   RO          823    i.GPIO_ResetBits    stm32f10x_gpio.o
    0x08005912   0x08005912   0x00000004   Code   RO          824    i.GPIO_SetBits      stm32f10x_gpio.o
    0x08005916   0x08005916   0x00000002   PAD
    0x08005918   0x08005918   0x00000038   Code   RO         2202    i.Get_Adc_Channel_Val  adc_driver.o
    0x08005950   0x08005950   0x00000020   Code   RO         2824    i.Get_MosSamples_Val  regularcheck.o
    0x08005970   0x08005970   0x00000040   Code   RO         2203    i.Get_Samples_Val   adc_driver.o
    0x080059b0   0x080059b0   0x00000004   Code   RO         2883    i.HardFault_Handler  stm32f10x_it.o
    0x080059b4   0x080059b4   0x0000006c   Code   RO         2253    i.HareId_Init       hard_id.o
    0x08005a20   0x08005a20   0x00000034   Code   RO         2235    i.IWDG_Configuration  iwdg.o
    0x08005a54   0x08005a54   0x00000010   Code   RO          924    i.IWDG_Enable       stm32f10x_iwdg.o
    0x08005a64   0x08005a64   0x00000008   Code   RO         2236    i.IWDG_Feed         iwdg.o
    0x08005a6c   0x08005a6c   0x00000010   Code   RO          926    i.IWDG_ReloadCounter  stm32f10x_iwdg.o
    0x08005a7c   0x08005a7c   0x0000000c   Code   RO          927    i.IWDG_SetPrescaler  stm32f10x_iwdg.o
    0x08005a88   0x08005a88   0x0000000c   Code   RO          928    i.IWDG_SetReload    stm32f10x_iwdg.o
    0x08005a94   0x08005a94   0x0000000c   Code   RO          929    i.IWDG_WriteAccessCmd  stm32f10x_iwdg.o
    0x08005aa0   0x08005aa0   0x00000064   Code   RO         2426    i.InsCanTxQueue     can_pro.o
    0x08005b04   0x08005b04   0x00000074   Code   RO         2427    i.InsertActionQueue  can_pro.o
    0x08005b78   0x08005b78   0x00000030   Code   RO         2428    i.InsertActionRxQueue  can_pro.o
    0x08005ba8   0x08005ba8   0x00000030   Code   RO         2429    i.InsertCheckActionQueue  can_pro.o
    0x08005bd8   0x08005bd8   0x00000030   Code   RO         2430    i.InsertCheckQueue  can_pro.o
    0x08005c08   0x08005c08   0x00000004   Code   RO         2884    i.MemManage_Handler  stm32f10x_it.o
    0x08005c0c   0x08005c0c   0x000000ac   Code   RO         2268    i.MosGPIO_Configuration  gpioconfig.o
    0x08005cb8   0x08005cb8   0x0000007c   Code   RO         2825    i.Mos_CheckCycle    regularcheck.o
    0x08005d34   0x08005d34   0x00000054   Code   RO         2431    i.Mos_CheckQueueSend  can_pro.o
    0x08005d88   0x08005d88   0x0000006c   Code   RO         2826    i.Mos_SampVal_Proc  regularcheck.o
    0x08005df4   0x08005df4   0x00000002   Code   RO         2885    i.NMI_Handler       stm32f10x_it.o
    0x08005df6   0x08005df6   0x00000002   PAD
    0x08005df8   0x08005df8   0x00000070   Code   RO           10    i.NVIC_Init         misc.o
    0x08005e68   0x08005e68   0x00000034   Code   RO         2432    i.NewActionRxQueue  can_pro.o
    0x08005e9c   0x08005e9c   0x00000034   Code   RO         2433    i.NewCheckActionRx  can_pro.o
    0x08005ed0   0x08005ed0   0x00000060   Code   RO         2186    i.OutPoint_Init     outpoint.o
    0x08005f30   0x08005f30   0x0000004c   Code   RO         2827    i.OverCurrent_Checkcycle  regularcheck.o
    0x08005f7c   0x08005f7c   0x00000002   Code   RO         2886    i.PendSV_Handler    stm32f10x_it.o
    0x08005f7e   0x08005f7e   0x00000002   PAD
    0x08005f80   0x08005f80   0x00000018   Code   RO          966    i.RCC_ADCCLKConfig  stm32f10x_rcc.o
    0x08005f98   0x08005f98   0x00000020   Code   RO          968    i.RCC_APB1PeriphClockCmd  stm32f10x_rcc.o
    0x08005fb8   0x08005fb8   0x00000020   Code   RO          969    i.RCC_APB1PeriphResetCmd  stm32f10x_rcc.o
    0x08005fd8   0x08005fd8   0x00000020   Code   RO          970    i.RCC_APB2PeriphClockCmd  stm32f10x_rcc.o
    0x08005ff8   0x08005ff8   0x00000020   Code   RO          971    i.RCC_APB2PeriphResetCmd  stm32f10x_rcc.o
    0x08006018   0x08006018   0x00000062   Code   RO         2048    i.RCC_Configuration  bsp.o
    0x0800607a   0x0800607a   0x00000002   PAD
    0x0800607c   0x0800607c   0x0000004c   Code   RO          977    i.RCC_DeInit        stm32f10x_rcc.o
    0x080060c8   0x080060c8   0x000000d8   Code   RO          978    i.RCC_GetClocksFreq  stm32f10x_rcc.o
    0x080061a0   0x080061a0   0x0000003c   Code   RO          979    i.RCC_GetFlagStatus  stm32f10x_rcc.o
    0x080061dc   0x080061dc   0x00000010   Code   RO          981    i.RCC_GetSYSCLKSource  stm32f10x_rcc.o
    0x080061ec   0x080061ec   0x00000018   Code   RO          982    i.RCC_HCLKConfig    stm32f10x_rcc.o
    0x08006204   0x08006204   0x0000004c   Code   RO          983    i.RCC_HSEConfig     stm32f10x_rcc.o
    0x08006250   0x08006250   0x0000000c   Code   RO          987    i.RCC_LSICmd        stm32f10x_rcc.o
    0x0800625c   0x0800625c   0x00000018   Code   RO          989    i.RCC_PCLK1Config   stm32f10x_rcc.o
    0x08006274   0x08006274   0x00000018   Code   RO          990    i.RCC_PCLK2Config   stm32f10x_rcc.o
    0x0800628c   0x0800628c   0x0000000c   Code   RO          991    i.RCC_PLLCmd        stm32f10x_rcc.o
    0x08006298   0x08006298   0x0000001c   Code   RO          992    i.RCC_PLLConfig     stm32f10x_rcc.o
    0x080062b4   0x080062b4   0x00000018   Code   RO          995    i.RCC_SYSCLKConfig  stm32f10x_rcc.o
    0x080062cc   0x080062cc   0x00000038   Code   RO          997    i.RCC_WaitForHSEStartUp  stm32f10x_rcc.o
    0x08006304   0x08006304   0x0000005c   Code   RO         2269    i.SPI1_Init         gpioconfig.o
    0x08006360   0x08006360   0x00000038   Code   RO         2434    i.SPI1_SendByte     can_pro.o
    0x08006398   0x08006398   0x00000018   Code   RO         1171    i.SPI_Cmd           stm32f10x_spi.o
    0x080063b0   0x080063b0   0x00000012   Code   RO         1179    i.SPI_I2S_GetFlagStatus  stm32f10x_spi.o
    0x080063c2   0x080063c2   0x00000006   Code   RO         1182    i.SPI_I2S_ReceiveData  stm32f10x_spi.o
    0x080063c8   0x080063c8   0x00000004   Code   RO         1183    i.SPI_I2S_SendData  stm32f10x_spi.o
    0x080063cc   0x080063cc   0x0000003c   Code   RO         1184    i.SPI_Init          stm32f10x_spi.o
    0x08006408   0x08006408   0x00000002   Code   RO         2888    i.SVC_Handler       stm32f10x_it.o
    0x0800640a   0x0800640a   0x00000002   PAD
    0x0800640c   0x0800640c   0x0000006c   Code   RO         2204    i.SampVal_Proc      adc_driver.o
    0x08006478   0x08006478   0x00000080   Code   RO         2143    i.SetCANSpeed       can_driver.o
    0x080064f8   0x080064f8   0x00000008   Code   RO         2106    i.SetSysClock       system_stm32f10x.o
    0x08006500   0x08006500   0x000000e0   Code   RO         2107    i.SetSysClockTo72   system_stm32f10x.o
    0x080065e0   0x080065e0   0x000000c0   Code   RO         2435    i.Stop_Action       can_pro.o
    0x080066a0   0x080066a0   0x00000068   Code   RO         2049    i.SysTick_Configuration  bsp.o
    0x08006708   0x08006708   0x00000138   Code   RO         2889    i.SysTick_Handler   stm32f10x_it.o
    0x08006840   0x08006840   0x00000054   Code   RO         2109    i.SystemInit        system_stm32f10x.o
    0x08006894   0x08006894   0x00000032   Code   RO         2436    i.TakeAction        can_pro.o
    0x080068c6   0x080068c6   0x0000001c   Code   RO         2437    i.TakeCheckAction   can_pro.o
    0x080068e2   0x080068e2   0x00000002   Code   RO         2890    i.USART3_IRQHandler  stm32f10x_it.o
    0x080068e4   0x080068e4   0x00000094   Code   RO         2144    i.USB_HP_CAN1_TX_IRQHandler  can_driver.o
    0x08006978   0x08006978   0x000000d0   Code   RO         2145    i.USB_LP_CAN1_RX0_IRQHandler  can_driver.o
    0x08006a48   0x08006a48   0x00000004   Code   RO         2891    i.UsageFault_Handler  stm32f10x_it.o
    0x08006a4c   0x08006a4c   0x0000002c   Code   RO         2438    i.Var_Init          can_pro.o
    0x08006a78   0x08006a78   0x00000110   Code   RO         2859    i.main              main.o
    0x08006b88   0x08006b88   0x000000a8   Code   RO         2439    i.s_ActionCmdExec   can_pro.o
    0x08006c30   0x08006c30   0x000000b0   Code   RO         2440    i.s_ActionDataPro   can_pro.o
    0x08006ce0   0x08006ce0   0x0000002e   Code   RO         2441    i.s_CANxCheckFaultTxProc  can_pro.o
    0x08006d0e   0x08006d0e   0x0000002e   Code   RO         2442    i.s_CANxCheckValueTxProc  can_pro.o
    0x08006d3c   0x08006d3c   0x000000b4   Code   RO         2443    i.s_Can1RxQueueProc  can_pro.o
    0x08006df0   0x08006df0   0x00000054   Code   RO         2444    i.s_CanRecvDataPro  can_pro.o
    0x08006e44   0x08006e44   0x0000001c   Code   RO         2445    i.s_CheckCmdExec    can_pro.o
    0x08006e60   0x08006e60   0x00000060   Code   RO         2446    i.s_CheckDataProc   can_pro.o
    0x08006ec0   0x08006ec0   0x00000108   Code   RO         2447    i.s_ChipCheckCmdExec  can_pro.o
    0x08006fc8   0x08006fc8   0x000000b4   Code   RO         2448    i.s_ChipSetAction   can_pro.o
    0x0800707c   0x0800707c   0x000000e4   Code   RO         2270    i.s_LEDStatusProc   gpioconfig.o
    0x08007160   0x08007160   0x0000010c   Code   RO         2449    i.s_MosCheckCmdExec  can_pro.o
    0x0800726c   0x0800726c   0x00000050   Code   RO         2450    i.s_MosSet_Action   can_pro.o
    0x080072bc   0x080072bc   0x00000030   Code   RO         2860    i.s_PowerUpTransThreeFrame  main.o
    0x080072ec   0x080072ec   0x0000001c   Code   RO         2451    i.s_TransmitCheckOut  can_pro.o
    0x08007308   0x08007308   0x0000004c   Code   RO         2452    i.trans_26To32      can_pro.o
    0x08007354   0x08007354   0x00000070   Code   RO         2663    i.u16IapExFlashCrc  iapupdate.o
    0x080073c4   0x080073c4   0x00000014   Code   RO         2671    i.u8IapEraserSector  iapupdate.o
    0x080073d8   0x080073d8   0x0000004c   Code   RO         2672    i.u8IapGetPrgSize   iapupdate.o
    0x08007424   0x08007424   0x0000004c   Code   RO         2673    i.u8IapGetPrgStorageAddr  iapupdate.o
    0x08007470   0x08007470   0x0000001a   Code   RO         2675    i.u8IapReadBuf      iapupdate.o
    0x0800748a   0x0800748a   0x0000001e   Code   RO         2676    i.u8IapWriteBuf     iapupdate.o
    0x080074a8   0x080074a8   0x0000001c   Code   RO         2677    i.u8InFlashReadBuf  iapupdate.o
    0x080074c4   0x080074c4   0x0000006a   Code   RO         2678    i.u8InFlashWriteBuf  iapupdate.o
    0x0800752e   0x0800752e   0x00000002   PAD
    0x08007530   0x08007530   0x00000044   Code   RO         2682    i.vIapJumpToBoot    iapupdate.o
    0x08007574   0x08007574   0x00000018   Code   RO         2685    i.vInFlashErasePage  iapupdate.o
    0x0800758c   0x0800758c   0x000000c0   Data   RO         2187    .constdata          outpoint.o
    0x0800764c   0x0800764c   0x000001c0   Data   RO         2454    .constdata          can_pro.o
    0x0800780c   0x0800780c   0x000003f0   Data   RO         2687    .constdata          iapupdate.o
    0x08007bfc   0x08007bfc   0x00000008   Data   RO         2861    .constdata          main.o
    0x08007c04   0x08007c04   0x00000020   Data   RO         3124    Region$$Table       anon$$obj.o


    Execution Region RW_IRAM1 (Exec base: 0x20000000, Load base: 0x08007c24, Size: 0x00003498, Max: 0x00005000, ABSOLUTE)

    Exec Addr    Load Addr    Size         Type   Attr      Idx    E Section Name        Object

    0x20000000   0x08007c24   0x00000014   Data   RW          998    .data               stm32f10x_rcc.o
    0x20000014   0x08007c38   0x00000014   Data   RW         2110    .data               system_stm32f10x.o
    0x20000028   0x08007c4c   0x0000000e   Data   RW         2147    .data               can_driver.o
    0x20000036   0x08007c5a   0x00000002   PAD
    0x20000038   0x08007c5c   0x00000050   Data   RW         2455    .data               can_pro.o
    0x20000088   0x08007cac   0x0000002c   Data   RW         2635    .data               caniap.o
    0x200000b4   0x08007cd8   0x00000005   Data   RW         2829    .data               regularcheck.o
    0x200000b9   0x08007cdd   0x00000003   PAD
    0x200000bc   0x08007ce0   0x00000008   Data   RW         2862    .data               main.o
    0x200000c4   0x08007ce8   0x00000018   Data   RW         2892    .data               stm32f10x_it.o
    0x200000dc        -       0x00001c20   Zero   RW         2146    .bss                can_driver.o
    0x20001cfc        -       0x00000014   Zero   RW         2205    .bss                adc_driver.o
    0x20001d10        -       0x00000af0   Zero   RW         2453    .bss                can_pro.o
    0x20002800        -       0x00000020   Zero   RW         2686    .bss                iapupdate.o
    0x20002820        -       0x00000014   Zero   RW         2828    .bss                regularcheck.o
    0x20002834        -       0x00000060   Zero   RW         2996    .bss                c_w.l(libspace.o)
    0x20002894   0x08007d00   0x00000004   PAD
    0x20002898        -       0x00000400   Zero   RW            2    HEAP                startup_stm32f10x_md.o
    0x20002c98        -       0x00000800   Zero   RW            1    STACK               startup_stm32f10x_md.o


==============================================================================

Image component sizes


      Code (inc. data)   RO Data    RW Data    ZI Data      Debug   Object Name

       388         30          0          0         20       2972   adc_driver.o
       202         14          0          0          0      17703   bsp.o
       848         82          0         14       7200       4868   can_driver.o
      3458        442        448         80       2800      20857   can_pro.o
      1350        134          0         44          0       4736   caniap.o
       924         64          0          0          0     219751   gpioconfig.o
       108          8          0          0          0        578   hard_id.o
       566         44       1008          0         32      26316   iapupdate.o
        60          0          0          0          0        937   iwdg.o
       320         56          8          8          0       2026   main.o
       112         12          0          0          0     256648   misc.o
        96         12        192          0          0       1185   outpoint.o
       340         50          0          5         20       3256   regularcheck.o
        64         26        236          0       3072        844   startup_stm32f10x_md.o
       486         24          0          0          0       9014   stm32f10x_adc.o
      1180         12          0          0          0       5722   stm32f10x_can.o
       406         42          0          0          0       6409   stm32f10x_flash.o
       456          6          0          0          0       5287   stm32f10x_gpio.o
       338         42          0         24          0       5196   stm32f10x_it.o
        68         30          0          0          0       2630   stm32f10x_iwdg.o
       800        120          0         20          0      13380   stm32f10x_rcc.o
       112          0          0          0          0       4046   stm32f10x_spi.o
       316         24          0         20          0       2185   system_stm32f10x.o

    ----------------------------------------------------------------------
     13018       1274       1924        220      13144     616546   Object Totals
         0          0         32          0          0          0   (incl. Generated)
        20          0          0          5          0          0   (incl. Padding)

    ----------------------------------------------------------------------

      Code (inc. data)   RO Data    RW Data    ZI Data      Debug   Library Member Name

         8          0          0          0          0         68   __main.o
         0          0          0          0          0          0   __rtentry.o
        12          0          0          0          0          0   __rtentry2.o
         6          0          0          0          0          0   __rtentry4.o
        52          8          0          0          0          0   __scatter.o
        26          0          0          0          0          0   __scatter_copy.o
        28          0          0          0          0          0   __scatter_zi.o
        18          0          0          0          0         80   exit.o
         6          0          0          0          0        152   heapauxi.o
         0          0          0          0          0          0   indicate_semi.o
         2          0          0          0          0          0   libinit.o
         2          0          0          0          0          0   libinit2.o
         2          0          0          0          0          0   libshutdown.o
         2          0          0          0          0          0   libshutdown2.o
         8          4          0          0         96         68   libspace.o
        78          0          0          0          0         80   rt_memclr_w.o
       100          0          0          0          0         80   rt_memcpy_w.o
         2          0          0          0          0          0   rtexit.o
        10          0          0          0          0          0   rtexit2.o
        12          4          0          0          0         68   sys_exit.o
        74          0          0          0          0         80   sys_stackheap_outer.o
         2          0          0          0          0         68   use_no_semi.o

    ----------------------------------------------------------------------
       454         16          0          0        100        744   Library Totals
         4          0          0          0          4          0   (incl. Padding)

    ----------------------------------------------------------------------

      Code (inc. data)   RO Data    RW Data    ZI Data      Debug   Library Name

       450         16          0          0         96        744   c_w.l

    ----------------------------------------------------------------------
       454         16          0          0        100        744   Library Totals

    ----------------------------------------------------------------------

==============================================================================


      Code (inc. data)   RO Data    RW Data    ZI Data      Debug   

     13472       1290       1924        220      13244     609746   Grand Totals
     13472       1290       1924        220      13244     609746   ELF Image Totals
     13472       1290       1924        220          0          0   ROM Totals

==============================================================================

    Total RO  Size (Code + RO Data)                15396 (  15.04kB)
    Total RW  Size (RW Data + ZI Data)             13464 (  13.15kB)
    Total ROM Size (Code + RO Data + RW Data)      15616 (  15.25kB)

==============================================================================

